Microchip MPLAB XC8 Compiler V1.35 ()

Linker command line:

--edf=C:\Program Files\Microchip\xc8\v1.35\dat\en_msgs.txt -cs \
  -h+dist/default/debug\Regulacija.X.debug.sym \
  --cmf=dist/default/debug\Regulacija.X.debug.cmf -z -Q16F886 \
  -oC:\Users\Milankov\AppData\Local\Temp\s52g.2 \
  -Mdist/default/debug/Regulacija.X.debug.map -E1 -ver=XC8 \
  -ASTACK=0110h-016fh -pstack=STACK -ACODE=00h-07FFhx3,01800h-01EFFh \
  -ASTRCODE=00h-01EFFh -ASTRING=00h-0FFhx31 -ACONST=00h-0FFhx31 \
  -AENTRY=00h-0FFhx31 -ACOMMON=071h-07Fh -ABANK0=020h-06Fh \
  -ABANK1=0A0h-0EFh -ABANK2=0110h-016Fh -ABANK3=0190h-01E4h \
  -ARAM=020h-06Fh,0A0h-0EFh,0110h-016Fh,0190h-01E4h \
  -AABS1=020h-07Fh,0A0h-0EFh,0110h-016Fh,0190h-01EFh -ASFR0=00h-01Fh \
  -ASFR1=080h-09Fh -ASFR2=0100h-010Fh -ASFR3=0180h-018Fh \
  -preset_vec=00h,intentry=04h,init,end_init -ppowerup=CODE -pcinit=CODE \
  -pfunctab=CODE -ACONFIG=02007h-02008h -pconfig=CONFIG -DCONFIG=2 \
  -AIDLOC=02000h-02003h -pidloc=IDLOC -DIDLOC=2 -AEEDATA=00h-0FFh/02100h \
  -peeprom_data=EEDATA -DEEDATA=2 -DCODE=2 -DSTRCODE=2 -DSTRING=2 -DCONST=2 \
  -DENTRY=2 -k C:\Users\Milankov\AppData\Local\Temp\s52g.obj \
  dist/default/debug\Regulacija.X.debug.obj 

Object code version is 3.11

Machine type is 16F886



                Name                               Link     Load   Length Selector   Space Scale
C:\Users\Milankov\AppData\Local\Temp\s52g.obj
                end_init                              C        C        3        8       0
                reset_vec                             0        0        4        0       0
                config                             2007     2007        2     400E       0
dist/default/debug\Regulacija.X.debug.obj
                cinit                               7F3      7F3        D      FE6       0
                intentry                              4        4        8        8       0
                text66                              802      802       1B     1004       0
                text65                             1B45     1B45        C     368A       0
                text64                             1B2D     1B2D        7     365A       0
                text61                             1BAE     1BAE       65     375C       0
                text59                             1CF4     1CF4       8A     39E8       0
                text57                             1B7C     1B7C       32     36F8       0
                text56                             1B51     1B51        C     36A2       0
                text45                             1155     1155      6AB     22AA       0
                text43                             1E35     1E35       CB     3C6A       0
                text42                             1C7C     1C7C       78     38F8       0
                text32                              934      934      6CC     1268       0
                text31                              107      107      6EC      20E       0
                text30                             1006     1006       3E     200C       0
                text24                             1C13     1C13       69     3826       0
                text11                               15       15       F2       2A       0
                text10                               11       11        4       22       0
                text9                              1B3C     1B3C        9     3678       0
                text7                              1D7E     1D7E       B7     3AFC       0
                text2                              1044     1044      111     2088       0
                text1                              1B5D     1B5D       1F     36BA       0
                maintext                            81D      81D      117     103A       0
                cstackBANK0                          20       20       50       20       1
                cstackCOMMON                         71       71        9       71       1
                cstackBANK1                          CA       CA       17       A0       1
                clrtext                            1B34     1B34        8     3668       0
                bssBANK1                             A0       A0       2A       A0       1
                bssCOMMON                            7A       7A        2       71       1
                bssEEDATA                             0     2100        2     4200       3
                stringtext                         1800     1800      14E       30       0

TOTAL           Name                               Link     Load   Length     Space
        CLASS   STACK          

        CLASS   CODE           
                end_init                              C        C        3         0
                cinit                               7F3      7F3        D         0
                intentry                              4        4        8         0
                reset_vec                             0        0        4         0
                text66                              802      802       1B         0
                text65                             1B45     1B45        C         0
                text64                             1B2D     1B2D        7         0
                text61                             1BAE     1BAE       65         0
                text59                             1CF4     1CF4       8A         0
                text57                             1B7C     1B7C       32         0
                text56                             1B51     1B51        C         0
                text45                             1155     1155      6AB         0
                text43                             1E35     1E35       CB         0
                text42                             1C7C     1C7C       78         0
                text32                              934      934      6CC         0
                text31                              107      107      6EC         0
                text30                             1006     1006       3E         0
                text24                             1C13     1C13       69         0
                text11                               15       15       F2         0
                text10                               11       11        4         0
                text9                              1B3C     1B3C        9         0
                text7                              1D7E     1D7E       B7         0
                text2                              1044     1044      111         0
                text1                              1B5D     1B5D       1F         0
                maintext                            81D      81D      117         0
                clrtext                            1B34     1B34        8         0

        CLASS   STRCODE        
                stringtext                         1800     1800      14E         0

        CLASS   STRING         

        CLASS   CONST          

        CLASS   ENTRY          

        CLASS   COMMON         
                cstackCOMMON                         71       71        9         1
                bssCOMMON                            7A       7A        2         1

        CLASS   BANK0          
                cstackBANK0                          20       20       50         1

        CLASS   BANK1          
                cstackBANK1                          CA       CA       17         1
                bssBANK1                             A0       A0       2A         1

        CLASS   BANK2          

        CLASS   BANK3          

        CLASS   RAM            

        CLASS   ABS1           
                abs_s1                               7E       7E        2         1

        CLASS   SFR0           

        CLASS   SFR1           

        CLASS   SFR2           

        CLASS   SFR3           

        CLASS   CONFIG         
                config                             2007     2007        2         0

        CLASS   IDLOC          

        CLASS   EEDATA         
                bssEEDATA                             0     2100        2         3



SEGMENTS        Name                           Load    Length   Top    Selector   Space  Class     Delta

                reset_vec                      000000  000004  000004         0       0  CODE        2
                intentry                       000004  00000B  00000F         8       0  CODE        2
                cstackBANK0                    000020  000050  000070        20       1  BANK0       1
                text10                         000011  000004  000015        22       0  CODE        2
                text11                         000015  0000F2  000107        2A       0  CODE        2
                cstackCOMMON                   000071  00000B  00007C        71       1  COMMON      1
                bssBANK1                       0000A0  000041  0000E1        A0       1  BANK1       1
                text31                         000107  0006EC  0007F3       20E       0  CODE        2
                cinit                          0007F3  00000D  000800       FE6       0  CODE        2
                text66                         000802  00001B  00081D      1004       0  CODE        2
                maintext                       00081D  000117  000934      103A       0  CODE        2
                text32                         000934  0006CC  001000      1268       0  CODE        2
                text30                         001006  00003E  001044      200C       0  CODE        2
                text2                          001044  000111  001155      2088       0  CODE        2
                text45                         001155  0006AB  001800      22AA       0  CODE        2
                stringtext                     001800  00014E  00194E        30       0  STRCODE     2
                text64                         001B2D  000007  001B34      365A       0  CODE        2
                clrtext                        001B34  000008  001B3C      3668       0  CODE        2
                text9                          001B3C  000009  001B45      3678       0  CODE        2
                text65                         001B45  00000C  001B51      368A       0  CODE        2
                text56                         001B51  00000C  001B5D      36A2       0  CODE        2
                text1                          001B5D  00001F  001B7C      36BA       0  CODE        2
                text57                         001B7C  000032  001BAE      36F8       0  CODE        2
                text61                         001BAE  000065  001C13      375C       0  CODE        2
                text24                         001C13  000069  001C7C      3826       0  CODE        2
                text42                         001C7C  000078  001CF4      38F8       0  CODE        2
                text59                         001CF4  00008A  001D7E      39E8       0  CODE        2
                text7                          001D7E  0000B7  001E35      3AFC       0  CODE        2
                text43                         001E35  0000CB  001F00      3C6A       0  CODE        2
                config                         002007  000002  002009      400E       0  CONFIG      2
                bssEEDATA                      002100  000002  002102      4200       3  EEDATA      2


UNUSED ADDRESS RANGES

        Name                Unused          Largest block    Delta
        BANK1            00E1-00EF              F           1
        BANK2            0110-016F             60           1
        BANK3            0190-01E4             55           1
        CODE             000F-0010              2           2
                         0800-0801              2
                         1000-1005              6
                         194E-1B2C            1DF
        COMMON           007C-007D              2           1
        CONST            000F-0010              2           2
                         0800-0801              2
                         1000-1005              6
                         194E-1B2C            100
        EEDATA           2102-21FF             FE           2
        ENTRY            000F-0010              2           2
                         0800-0801              2
                         1000-1005              6
                         194E-1B2C            100
        IDLOC            2000-2003              4           2
        RAM              00E1-00EF              F           1
                         0110-016F             60
                         0190-01E4             55
        SFR0             0000-001F             20           1
        SFR1             0080-009F             20           1
        SFR2             0100-010F             10           1
        SFR3             0180-018F             10           1
        STACK            0110-016F             60           1
        STRCODE          000F-0010              2           2
                         0800-0801              2
                         1000-1005              6
                         194E-1B2C            1DF
        STRING           000F-0010              2           2
                         0800-0801              2
                         1000-1005              6
                         194E-1B2C            100

                                  Symbol Table

?___awdiv                      cstackBANK0  0020
?___awmod                      cstackCOMMON 0073
?___eetoi                      cstackCOMMON 0077
?___ftadd                      cstackBANK0  0042
?___ftmul                      cstackBANK0  0028
?___ftneg                      cstackCOMMON 0073
?___ftpack                     cstackCOMMON 0073
?___ftsub                      cstackBANK0  004E
?___fttol                      cstackBANK0  0042
?___lldiv                      cstackBANK0  0020
?___llmod                      cstackBANK0  0028
?___lltoft                     cstackBANK0  0023
?___lwdiv                      cstackCOMMON 0073
?___lwtoft                     cstackBANK0  0023
?___wmul                       cstackCOMMON 0073
?__div_to_l_                   cstackCOMMON 0073
?__tdiv_to_l_                  cstackCOMMON 0073
?_adcRead                      cstackCOMMON 0073
?_calcSHT71                    cstackBANK0  0054
?_fround                       cstackBANK0  0037
?_getTempDS18B20               cstackBANK0  004E
?_measureTGS4161               cstackBANK0  0026
?_scale                        cstackBANK0  0037
?_sprintf                      cstackBANK0  0054
LcdCmd@a                       cstackCOMMON 0076
LcdPort@a                      cstackCOMMON 0073
LcdSetCursor@a                 cstackBANK0  0020
LcdSetCursor@b                 cstackCOMMON 0077
LcdSetCursor@temp              cstackBANK0  0023
LcdSetCursor@y                 cstackBANK0  0022
LcdSetCursor@z                 cstackBANK0  0021
LcdWriteChar@a                 cstackCOMMON 0077
LcdWriteChar@temp              cstackCOMMON 0075
LcdWriteChar@y                 cstackCOMMON 0076
LcdWriteInt@ch                 cstackBANK0  002A
LcdWriteInt@ch_manje_100       cstackBANK0  0028
LcdWriteInt@ch_manje_1000      cstackBANK0  0029
LcdWriteInt@column             cstackBANK0  0027
LcdWriteInt@i                  cstackBANK0  0024
LcdWriteInt@row                cstackBANK0  0026
LcdWriteString@a               cstackCOMMON 0078
LcdWriteString@i               cstackBANK0  0023
PL10                           text32       0F0D
PL100                          text45       17FA
PL12                           text32       0F21
PL14                           text32       0F2D
PL16                           text31       07E2
PL18                           text59       1D6F
PL2                            text32       0ED5
PL20                           text2        1111
PL22                           text2        111F
PL24                           text32       0F35
PL26                           text2        112D
PL28                           text45       173C
PL30                           text45       174A
PL32                           text45       1751
PL34                           text45       1758
PL36                           text32       0F43
PL38                           text45       1765
PL4                            text32       0EFB
PL40                           text2        113B
PL42                           text32       0F50
PL44                           text45       1772
PL46                           text32       0F5D
PL48                           text45       177A
PL50                           text45       1786
PL52                           text32       0F69
PL54                           text45       1791
PL56                           text45       1798
PL58                           text45       17A0
PL6                            text59       1D59
PL60                           text45       17A7
PL62                           text45       17AE
PL64                           text45       17B5
PL66                           text32       0F74
PL68                           text45       17BD
PL70                           text2        1148
PL72                           text45       17C5
PL74                           text45       17CD
PL76                           text45       17D5
PL78                           text45       17DD
PL8                            text43       1EF3
PL80                           text32       0FEB
PL82                           text45       17E5
PL84                           text11       0101
PL86                           text45       17EC
PL88                           text32       0F7C
PL90                           text45       17F3
PL92                           text2        114E
PL94                           text32       0F83
PL96                           text32       0F8A
PL98                           text7        1E2F
UARTInit@baud_rate             cstackBANK0  0028
UARTInit@x                     cstackBANK0  0031
_ADCON0                        (abs)        001F
_ADCON0bits                    (abs)        001F
_ADCON1                        (abs)        009F
_ADRESH                        (abs)        001E
_ADRESL                        (abs)        009E
_ANSEL                         (abs)        0188
_ANSELH                        (abs)        0189
_BRG16                         (abs)        0C3B
_BRGH                          (abs)        04C2
_CARRY                         (abs)        0018
_CREN                          (abs)        00C4
_EEADR                         (abs)        010D
_EECON1                        (abs)        018C
_EECON2                        (abs)        018D
_EEDATA                        (abs)        010C
_GIE                           (abs)        005F
_INTCON                        (abs)        000B
_INTCONbits                    (abs)        000B
_IOPinsConfig                  text65       1B45
_IOPinsInit                    text64       1B2D
_LcdCmd                        text61       1BFB
_LcdInit                       text61       1BAE
_LcdPort                       text31       07CA
_LcdSetCursor                  text31       074D
_LcdWriteChar                  text31       077B
_LcdWriteInt                   text31       0699
_LcdWriteString                text31       05EE
_OPTION_REG                    (abs)        0081
_OPTION_REGbits                (abs)        0081
_PIE1bits                      (abs)        008C
_RA1                           (abs)        0029
_RA2                           (abs)        002A
_RA3                           (abs)        002B
_RA4                           (abs)        002C
_RA5                           (abs)        002D
_RB0                           (abs)        0030
_RB1                           (abs)        0031
_RB2                           (abs)        0032
_RB3                           (abs)        0033
_RB4                           (abs)        0034
_RB5                           (abs)        0035
_RB6                           (abs)        0036
_RB7                           (abs)        0037
_RC0                           (abs)        0038
_RC1                           (abs)        0039
_RC3                           (abs)        003B
_RC4                           (abs)        003C
_RC5                           (abs)        003D
_RD                            (abs)        0C60
_SPBRG                         (abs)        0099
_SPBRGH                        (abs)        009A
_SPEN                          (abs)        00C7
_SYNC                          (abs)        04C4
_TMR0                          (abs)        0001
_TRISA                         (abs)        0085
_TRISB                         (abs)        0086
_TRISBbits                     (abs)        0086
_TRISC                         (abs)        0087
_TRISCbits                     (abs)        0087
_TXEN                          (abs)        04C5
_UARTInit                      text59       1CF4
_UARTInit$1126                 cstackBANK0  002C
_WR                            (abs)        0C61
_WREN                          (abs)        0C62
__CFG_BOR4V$BOR40V             (abs)        0000
__CFG_BOREN$ON                 (abs)        0000
__CFG_CP$OFF                   (abs)        0000
__CFG_CPD$OFF                  (abs)        0000
__CFG_FCMEN$ON                 (abs)        0000
__CFG_FOSC$HS                  (abs)        0000
__CFG_IESO$ON                  (abs)        0000
__CFG_LVP$OFF                  (abs)        0000
__CFG_MCLRE$ON                 (abs)        0000
__CFG_PWRTE$OFF                (abs)        0000
__CFG_WDTE$OFF                 (abs)        0000
__CFG_WRT$OFF                  (abs)        0000
__Habs1                        abs1         0000
__Hbank0                       bank0        0000
__Hbank1                       bank1        0000
__Hbank2                       bank2        0000
__Hbank3                       bank3        0000
__HbssBANK1                    bssBANK1     0000
__HbssCOMMON                   bssCOMMON    0000
__HbssEEDATA                   bssEEDATA    0000
__Hcinit                       cinit        0800
__Hclrtext                     clrtext      0000
__Hcode                        code         0000
__Hcommon                      common       0000
__Hconfig                      config       2009
__HcstackBANK0                 cstackBANK0  0000
__HcstackBANK1                 cstackBANK1  0000
__HcstackCOMMON                cstackCOMMON 0000
__Heeprom_data                 eeprom_data  0000
__Hend_init                    end_init     000F
__Hfunctab                     functab      0000
__Hidloc                       idloc        0000
__Hinit                        init         000C
__Hintentry                    intentry     000C
__Hmaintext                    maintext     0000
__Hpa_nodes                    pa_nodes     0000
__Hpowerup                     powerup      0000
__Hram                         ram          0000
__Hreset_vec                   reset_vec    0004
__Hsfr0                        sfr0         0000
__Hsfr1                        sfr1         0000
__Hsfr2                        sfr2         0000
__Hsfr3                        sfr3         0000
__Hspace_0                     (abs)        2009
__Hspace_1                     (abs)        00E1
__Hspace_2                     (abs)        0000
__Hspace_3                     (abs)        0002
__Hstack                       stack        0000
__Hstrings                     strings      0000
__Hstringtext                  stringtext   0000
__Htext                        text         0000
__Labs1                        abs1         0000
__Lbank0                       bank0        0000
__Lbank1                       bank1        0000
__Lbank2                       bank2        0000
__Lbank3                       bank3        0000
__LbssBANK1                    bssBANK1     0000
__LbssCOMMON                   bssCOMMON    0000
__LbssEEDATA                   bssEEDATA    0000
__Lcinit                       cinit        07F3
__Lclrtext                     clrtext      0000
__Lcode                        code         0000
__Lcommon                      common       0000
__Lconfig                      config       2007
__LcstackBANK0                 cstackBANK0  0000
__LcstackBANK1                 cstackBANK1  0000
__LcstackCOMMON                cstackCOMMON 0000
__Leeprom_data                 eeprom_data  0000
__Lend_init                    end_init     000C
__Lfunctab                     functab      0000
__Lidloc                       idloc        0000
__Linit                        init         000C
__Lintentry                    intentry     0004
__Lmaintext                    maintext     0000
__Lpa_nodes                    pa_nodes     0000
__Lpowerup                     powerup      0000
__Lram                         ram          0000
__Lreset_vec                   reset_vec    0000
__Lsfr0                        sfr0         0000
__Lsfr1                        sfr1         0000
__Lsfr2                        sfr2         0000
__Lsfr3                        sfr3         0000
__Lspace_0                     (abs)        0000
__Lspace_1                     (abs)        0000
__Lspace_2                     (abs)        0000
__Lspace_3                     (abs)        0000
__Lstack                       stack        0000
__Lstrings                     strings      0000
__Lstringtext                  stringtext   0000
__Ltext                        text         0000
__S0                           (abs)        2009
__S1                           (abs)        00E1
__S2                           (abs)        0000
__S3                           (abs)        2102
___awdiv                       text45       142D
___awdiv@counter               cstackBANK0  0024
___awdiv@dividend              cstackBANK0  0022
___awdiv@divisor               cstackBANK0  0020
___awdiv@quotient              cstackBANK0  0026
___awdiv@sign                  cstackBANK0  0025
___awmod                       text45       1472
___awmod@counter               cstackCOMMON 0077
___awmod@dividend              cstackCOMMON 0075
___awmod@divisor               cstackCOMMON 0073
___awmod@sign                  cstackCOMMON 0078
___bmul                        text45       151C
___bmul@multiplicand           cstackBANK0  0023
___bmul@multiplier             cstackBANK0  0025
___bmul@product                cstackBANK0  0024
___eetoi                       text24       1C53
___eetoi@addr                  cstackBANK0  0020
___eetoi@data                  cstackBANK0  0021
___ftadd                       text45       163A
___ftadd@exp1                  cstackBANK0  004D
___ftadd@exp2                  cstackBANK0  004C
___ftadd@f1                    cstackBANK0  0042
___ftadd@f2                    cstackBANK0  0045
___ftadd@sign                  cstackBANK0  004B
___ftge                        text32       0DE5
___ftge@ff1                    cstackBANK0  004E
___ftge@ff2                    cstackBANK0  0051
___ftmul                       text45       14AF
___ftmul@cntr                  cstackBANK0  0035
___ftmul@exp                   cstackBANK0  0031
___ftmul@f1                    cstackBANK0  0028
___ftmul@f2                    cstackBANK0  002B
___ftmul@f3_as_product         cstackBANK0  0032
___ftmul@sign                  cstackBANK0  0036
___ftneg                       text32       0EB0
___ftneg@f1                    cstackCOMMON 0073
___ftpack                      text45       16FA
___ftpack@arg                  cstackCOMMON 0073
___ftpack@exp                  cstackCOMMON 0076
___ftpack@sign                 cstackCOMMON 0077
___ftsub                       text32       0EB8
___ftsub@f1                    cstackBANK0  0051
___ftsub@f2                    cstackBANK0  004E
___fttol                       text32       0F90
___fttol@exp1                  cstackBANK0  004E
___fttol@f1                    cstackBANK0  0042
___fttol@lval                  cstackBANK0  004A
___fttol@sign1                 cstackBANK0  0049
___int_sp                      stack        0000
___itoee                       text57       1B7C
___itoee@addr                  cstackBANK0  0025
___itoee@data                  cstackBANK0  0023
___latbits                     (abs)        0002
___lbdiv                       text45       1264
___lbdiv@counter               cstackBANK0  0021
___lbdiv@dividend              cstackBANK0  0020
___lbdiv@divisor               cstackCOMMON 0078
___lbdiv@quotient              cstackBANK0  0022
___lbmod                       text45       127F
___lbmod@counter               cstackCOMMON 0076
___lbmod@dividend              cstackCOMMON 0075
___lbmod@divisor               cstackCOMMON 0073
___lbmod@rem                   cstackCOMMON 0077
___lldiv                       text32       0E4F
___lldiv@counter               cstackCOMMON 0077
___lldiv@dividend              cstackBANK0  0024
___lldiv@divisor               cstackBANK0  0020
___lldiv@quotient              cstackCOMMON 0073
___llmod                       text32       0E11
___llmod@counter               cstackCOMMON 0078
___llmod@dividend              cstackBANK0  002C
___llmod@divisor               cstackBANK0  0028
___lltoft                      text45       1155
___lltoft@c                    cstackBANK0  0023
___lltoft@exp                  cstackCOMMON 0078
___lwdiv                       text31       07A0
___lwdiv@counter               cstackCOMMON 0079
___lwdiv@dividend              cstackCOMMON 0075
___lwdiv@divisor               cstackCOMMON 0073
___lwdiv@quotient              cstackCOMMON 0077
___lwtoft                      text31       0371
___lwtoft@c                    cstackBANK0  0023
___sp                          stack        0000
___wmul                        text32       0E97
___wmul@multiplicand           cstackCOMMON 0075
___wmul@multiplier             cstackCOMMON 0073
___wmul@product                cstackCOMMON 0077
__div_to_l_                    text43       1E35
__div_to_l_@cntr               cstackBANK0  002C
__div_to_l_@exp1               cstackBANK0  002D
__div_to_l_@f1                 cstackCOMMON 0073
__div_to_l_@f2                 cstackCOMMON 0076
__div_to_l_@quot               cstackBANK0  0028
__end_ofPL10                   text32       0F21
__end_ofPL100                  text45       1800
__end_ofPL12                   text32       0F2D
__end_ofPL14                   text32       0F35
__end_ofPL16                   text31       07F3
__end_ofPL18                   text59       1D7E
__end_ofPL2                    text32       0EFB
__end_ofPL20                   text2        111F
__end_ofPL22                   text2        112D
__end_ofPL24                   text32       0F43
__end_ofPL26                   text2        113B
__end_ofPL28                   text45       174A
__end_ofPL30                   text45       1751
__end_ofPL32                   text45       1758
__end_ofPL34                   text45       1765
__end_ofPL36                   text32       0F50
__end_ofPL38                   text45       1772
__end_ofPL4                    text32       0F0D
__end_ofPL40                   text2        1148
__end_ofPL42                   text32       0F5D
__end_ofPL44                   text45       177A
__end_ofPL46                   text32       0F69
__end_ofPL48                   text45       1786
__end_ofPL50                   text45       1791
__end_ofPL52                   text32       0F74
__end_ofPL54                   text45       1798
__end_ofPL56                   text45       17A0
__end_ofPL58                   text45       17A7
__end_ofPL6                    text59       1D6F
__end_ofPL60                   text45       17AE
__end_ofPL62                   text45       17B5
__end_ofPL64                   text45       17BD
__end_ofPL66                   text32       0F7C
__end_ofPL68                   text45       17C5
__end_ofPL70                   text2        114E
__end_ofPL72                   text45       17CD
__end_ofPL74                   text45       17D5
__end_ofPL76                   text45       17DD
__end_ofPL78                   text45       17E5
__end_ofPL8                    text43       1F00
__end_ofPL80                   text32       0FF2
__end_ofPL82                   text45       17EC
__end_ofPL84                   text11       0107
__end_ofPL86                   text45       17F3
__end_ofPL88                   text32       0F83
__end_ofPL90                   text45       17FA
__end_ofPL92                   text2        1155
__end_ofPL94                   text32       0F8A
__end_ofPL96                   text32       0F90
__end_ofPL98                   text7        1E35
__end_of_IOPinsConfig          text65       1B51
__end_of_IOPinsInit            text64       1B34
__end_of_LcdCmd                text61       1C13
__end_of_LcdInit               text61       1BFB
__end_of_LcdPort               text31       07E2
__end_of_LcdSetCursor          text31       077B
__end_of_LcdWriteChar          text31       07A0
__end_of_LcdWriteInt           text31       074D
__end_of_LcdWriteString        text31       0606
__end_of_UARTInit              text59       1D59
__end_of___awdiv               text45       1472
__end_of___awmod               text45       14AF
__end_of___bmul                text45       152A
__end_of___eetoi               text24       1C60
__end_of___ftadd               text45       16FA
__end_of___ftge                text32       0E11
__end_of___ftmul               text45       151C
__end_of___ftneg               text32       0EB8
__end_of___ftpack              text45       173C
__end_of___ftsub               text32       0ED5
__end_of___fttol               text32       0FEB
__end_of___itoee               text57       1B83
__end_of___lbdiv               text45       127F
__end_of___lbmod               text45       129B
__end_of___lldiv               text32       0E97
__end_of___llmod               text32       0E4F
__end_of___lltoft              text45       1173
__end_of___lwdiv               text31       07CA
__end_of___lwtoft              text31       0383
__end_of___wmul                text32       0EB0
__end_of__div_to_l_            text43       1EF3
__end_of__initialization       cinit        07FC
__end_of__npowers_             stringtext   1839
__end_of__powers_              stringtext   1860
__end_of__stringtab            stringtext   1812
__end_of__tdiv_to_l_           text42       1CF4
__end_of_adcInit               text56       1B5D
__end_of_adcRead               text7        1E2F
__end_of_calcSHT71             text45       163A
__end_of_connectionResetSHT71  text31       0495
__end_of_displayAirMoist       text31       013B
__end_of_displayAirTemp        text30       1044
__end_of_displayCO2            text31       04C8
__end_of_displaySoilTemp       text24       1C53
__end_of_dpowers               stringtext   1888
__end_of_eecpymem              text24       1C7C
__end_of_fround                text45       1264
__end_of_getResSHT71           text31       0371
__end_of_getTempDS18B20        text11       0087
__end_of_initSHT71             text10       0015
__end_of_initTimer0            text9        1B45
__end_of_isdigit               text32       1000
__end_of_isr                   text66       081D
__end_of_main                  maintext     0934
__end_of_manage_buttons        text31       02BD
__end_of_measureSHT71          text31       03F4
__end_of_measureTGS4161        text7        1E06
__end_of_memcpyee              text57       1BAE
__end_of_menu                  text31       05EE
__end_of_menuCO2               text31       0699
__end_of_menuHumi              text31       025D
__end_of_readByteSHT71         text31       0424
__end_of_readDS18B20           text11       00DE
__end_of_readStatusRegSHT71    text31       02D6
__end_of_regulacija            text2        1111
__end_of_resetDS18B20          text11       0101
__end_of_resetValues           text1        1B7C
__end_of_scale                 text45       142D
__end_of_sprintf               text32       0DE5
__end_of_tranStartSHT71        text31       044E
__end_of_writeByteSHT71        text31       047E
__end_of_writeDS18B20          text11       00B7
__initialization               cinit        07F3
__npowers_                     stringtext   1812
__pbssBANK1                    bssBANK1     00A0
__pbssCOMMON                   bssCOMMON    007A
__pbssEEDATA                   bssEEDATA    0000
__pcstackBANK0                 cstackBANK0  0020
__pcstackBANK1                 cstackBANK1  00CA
__pcstackCOMMON                cstackCOMMON 0071
__pintentry                    intentry     0004
__pmaintext                    maintext     081D
__powers_                      stringtext   1839
__pstringtext                  stringtext   1800
__ptext1                       text1        1B5D
__ptext10                      text10       0011
__ptext11                      text11       0015
__ptext12                      text11       0087
__ptext13                      text11       00DE
__ptext14                      text11       00B7
__ptext15                      text31       02D6
__ptext16                      text31       02BD
__ptext17                      text31       0383
__ptext18                      text31       044E
__ptext19                      text31       03F4
__ptext2                       text2        1044
__ptext20                      text31       047E
__ptext21                      text31       0424
__ptext22                      text45       152A
__ptext23                      text31       0371
__ptext24                      text24       1C13
__ptext25                      text24       1C53
__ptext26                      text24       1C60
__ptext27                      text31       0495
__ptext28                      text31       0699
__ptext29                      text31       07A0
__ptext3                       text31       04C8
__ptext30                      text30       1006
__ptext31                      text31       0107
__ptext32                      text32       0934
__ptext33                      text45       129B
__ptext34                      text45       1472
__ptext35                      text45       142D
__ptext36                      text32       0FF2
__ptext37                      text45       1173
__ptext38                      text45       127F
__ptext39                      text45       1264
__ptext4                       text31       013B
__ptext40                      text45       14AF
__ptext41                      text45       151C
__ptext42                      text42       1C7C
__ptext43                      text43       1E35
__ptext44                      text32       0E97
__ptext45                      text45       1155
__ptext46                      text32       0E11
__ptext47                      text32       0F90
__ptext48                      text32       0EB8
__ptext49                      text45       163A
__ptext5                       text31       0606
__ptext50                      text45       16FA
__ptext51                      text32       0EB0
__ptext52                      text32       0DE5
__ptext53                      text31       05EE
__ptext54                      text31       077B
__ptext55                      text31       074D
__ptext56                      text56       1B51
__ptext57                      text57       1B7C
__ptext58                      text57       1B83
__ptext59                      text59       1CF4
__ptext6                       text31       025D
__ptext60                      text32       0E4F
__ptext61                      text61       1BAE
__ptext62                      text61       1BFB
__ptext63                      text31       07CA
__ptext64                      text64       1B2D
__ptext65                      text65       1B45
__ptext66                      text66       0802
__ptext7                       text7        1D7E
__ptext8                       text7        1E06
__ptext9                       text9        1B3C
__size_of_IOPinsConfig         (abs)        0000
__size_of_IOPinsInit           (abs)        0000
__size_of_LcdCmd               (abs)        0000
__size_of_LcdInit              (abs)        0000
__size_of_LcdPort              (abs)        0000
__size_of_LcdSetCursor         (abs)        0000
__size_of_LcdWriteChar         (abs)        0000
__size_of_LcdWriteInt          (abs)        0000
__size_of_LcdWriteString       (abs)        0000
__size_of_UARTInit             (abs)        0000
__size_of___awdiv              (abs)        0000
__size_of___awmod              (abs)        0000
__size_of___bmul               (abs)        0000
__size_of___eetoi              (abs)        0000
__size_of___ftadd              (abs)        0000
__size_of___ftge               (abs)        0000
__size_of___ftmul              (abs)        0000
__size_of___ftneg              (abs)        0000
__size_of___ftpack             (abs)        0000
__size_of___ftsub              (abs)        0000
__size_of___fttol              (abs)        0000
__size_of___itoee              (abs)        0000
__size_of___lbdiv              (abs)        0000
__size_of___lbmod              (abs)        0000
__size_of___lldiv              (abs)        0000
__size_of___llmod              (abs)        0000
__size_of___lltoft             (abs)        0000
__size_of___lwdiv              (abs)        0000
__size_of___lwtoft             (abs)        0000
__size_of___wmul               (abs)        0000
__size_of__div_to_l_           (abs)        0000
__size_of__tdiv_to_l_          (abs)        0000
__size_of_adcInit              (abs)        0000
__size_of_adcRead              (abs)        0000
__size_of_calcSHT71            (abs)        0000
__size_of_connectionResetSHT71 (abs)        0000
__size_of_displayAirMoist      (abs)        0000
__size_of_displayAirTemp       (abs)        0000
__size_of_displayCO2           (abs)        0000
__size_of_displaySoilTemp      (abs)        0000
__size_of_eecpymem             (abs)        0000
__size_of_fround               (abs)        0000
__size_of_getResSHT71          (abs)        0000
__size_of_getTempDS18B20       (abs)        0000
__size_of_initSHT71            (abs)        0000
__size_of_initTimer0           (abs)        0000
__size_of_isdigit              (abs)        0000
__size_of_isr                  (abs)        0000
__size_of_main                 (abs)        0000
__size_of_manage_buttons       (abs)        0000
__size_of_measureSHT71         (abs)        0000
__size_of_measureTGS4161       (abs)        0000
__size_of_memcpyee             (abs)        0000
__size_of_menu                 (abs)        0000
__size_of_menuCO2              (abs)        0000
__size_of_menuHumi             (abs)        0000
__size_of_readByteSHT71        (abs)        0000
__size_of_readDS18B20          (abs)        0000
__size_of_readStatusRegSHT71   (abs)        0000
__size_of_regulacija           (abs)        0000
__size_of_resetDS18B20         (abs)        0000
__size_of_resetValues          (abs)        0000
__size_of_scale                (abs)        0000
__size_of_sprintf              (abs)        0000
__size_of_tranStartSHT71       (abs)        0000
__size_of_writeByteSHT71       (abs)        0000
__size_of_writeDS18B20         (abs)        0000
__stringbase                   stringtext   1812
__stringtab                    stringtext   1800
__tdiv_to_l_                   text42       1C7C
__tdiv_to_l_@cntr              cstackBANK0  0027
__tdiv_to_l_@exp1              cstackBANK0  0028
__tdiv_to_l_@f1                cstackCOMMON 0073
__tdiv_to_l_@f2                cstackCOMMON 0076
__tdiv_to_l_@quot              cstackBANK0  0023
_adcInit                       text56       1B51
_adcRead                       text7        1E06
_calcSHT71                     text45       152A
_calcSHT71$1124                cstackBANK0  0061
_calcSHT71$1125                cstackBANK0  0064
_co2                           bssBANK1     00AD
_connectionResetSHT71          text31       047E
_disp                          bssBANK1     00AF
_disp_count                    bssBANK1     00B0
_displayAirMoist               text31       0107
_displayAirTemp                text30       1006
_displayCO2                    text31       0495
_displaySoilTemp               text24       1C13
_dpowers                       stringtext   1860
_eecpymem                      text24       1C60
_fround                        text45       1173
_fround$1127                   cstackBANK0  003E
_fround$1128                   cstackBANK0  003B
_getResSHT71                   text31       02D6
_getTempDS18B20                text11       0015
_humi                          bssBANK1     00C4
_humidity                      bssBANK1     00BA
_initSHT71                     text10       0011
_initTimer0                    text9        1B3C
_isdigit                       text32       0FF2
_isdigit$829                   cstackCOMMON 0073
_isr                           text66       0802
_main                          maintext     081D
_manage_buttons                text31       025D
_measure                       bssBANK1     00B1
_measureSHT71                  text31       0383
_measureTGS4161                text7        1D7E
_measure_co2                   bssBANK1     00B2
_memcpyee                      text57       1B83
_menu                          text31       04C8
_menuCO2                       text31       0606
_menuHumi                      text31       013B
_menu_flag                     bssBANK1     00B3
_minus_flag                    bssBANK1     00B4
_ok_flag                       bssBANK1     00B5
_ok_flag_co2                   bssBANK1     00B6
_ok_flag_humi                  bssBANK1     00B7
_plus_flag                     bssBANK1     00B8
_readByteSHT71                 text31       03F4
_readDS18B20                   text11       00B7
_readStatusRegSHT71            text31       02BD
_regulacija                    text2        1044
_resetDS18B20                  text11       00DE
_resetValues                   text1        1B5D
_scale                         text45       129B
_scale$1129                    cstackBANK0  003E
_sprintf                       text32       0934
_sprintf$1130                  cstackBANK1  00CA
_t                             bssBANK1     00A4
_temp                          bssBANK1     00C7
_temperature                   bssBANK1     00BF
_tempervalue                   bssBANK1     00A0
_test                          bssEEDATA    0000
_tmr_count                     bssBANK1     00B9
_tranStartSHT71                text31       0424
_writeByteSHT71                text31       044E
_writeDS18B20                  text11       0087
_zeljena_co2                   bssCOMMON    007A
_zeljena_temperatura           bssBANK1     00A7
_zeljena_vlaznost              bssBANK1     00AA
adcRead@temp                   cstackBANK0  0024
adcRead@tempH                  cstackBANK0  0022
adcRead@tempL                  cstackBANK0  0020
btemp                          (abs)        007E
calcSHT71@p_humidity           cstackBANK0  0054
calcSHT71@p_temperature        cstackBANK0  0057
calcSHT71@rh                   cstackBANK0  006A
calcSHT71@rh_lin               cstackBANK0  0058
calcSHT71@rh_true              cstackBANK0  0067
calcSHT71@t                    cstackBANK0  005B
calcSHT71@t_C                  cstackBANK0  005E
clear_ram0                     clrtext      1B34
connectionResetSHT71@i         cstackCOMMON 0073
displayAirMoist@humi2          cstackBANK0  005E
displayAirTemp@temp2           cstackBANK0  005E
displayCO2@co22                cstackBANK0  002B
displaySoilTemp@t2             cstackBANK0  005E
eecpymem@cp                    cstackCOMMON 0075
eecpymem@from                  cstackCOMMON 0073
eecpymem@size                  cstackCOMMON 0074
eecpymem@to                    cstackCOMMON 0076
end_of_initialization          cinit        07FC
fround@prec                    cstackBANK0  0041
getResSHT71@checksum           cstackBANK1  00D3
getResSHT71@error              cstackBANK1  00CF
getResSHT71@humi_val           cstackBANK1  00D0
getResSHT71@inp                cstackBANK1  00CD
getResSHT71@p_humi             cstackBANK0  006D
getResSHT71@p_temp             cstackBANK1  00CE
getResSHT71@temp_val           cstackBANK1  00D4
getTempDS18B20@temp            cstackBANK0  005B
getTempDS18B20@tempH           cstackBANK0  0059
getTempDS18B20@tempL           cstackBANK0  0057
getTempDS18B20@temperatura     cstackBANK0  0054
interrupt_function             intentry     0004
intlevel0                      functab      0000
intlevel1                      functab      0000
intlevel2                      functab      0000
intlevel3                      functab      0000
intlevel4                      functab      0000
intlevel5                      functab      0000
isdigit@c                      cstackCOMMON 0074
ltemp                          (abs)        007E
ltemp0                         (abs)        007E
ltemp1                         (abs)        0082
ltemp2                         (abs)        0086
ltemp3                         (abs)        0080
measureSHT71@error             cstackBANK0  0021
measureSHT71@mode              cstackCOMMON 0078
measureSHT71@p_checksum        cstackCOMMON 0077
measureSHT71@p_value           cstackBANK0  0020
measureSHT71@temp              cstackBANK0  0023
measureTGS4161@i               cstackBANK0  0030
measureTGS4161@krez1           cstackBANK0  002A
measureTGS4161@krez2           cstackBANK0  002C
measureTGS4161@ppm             cstackBANK0  0033
measureTGS4161@ppm_temp        cstackBANK0  002E
measureTGS4161@temp            cstackBANK0  0031
memcpyee@from                  cstackCOMMON 0073
memcpyee@ptr                   cstackCOMMON 0075
memcpyee@size                  cstackCOMMON 0074
memcpyee@to                    cstackCOMMON 0076
readByteSHT71@ack              cstackCOMMON 0074
readByteSHT71@i                cstackCOMMON 0076
readByteSHT71@res              cstackCOMMON 0075
readDS18B20@i                  cstackCOMMON 0075
readDS18B20@result             cstackCOMMON 0074
readStatusRegSHT71@error       cstackCOMMON 0079
readStatusRegSHT71@p_checksum  cstackCOMMON 0077
readStatusRegSHT71@p_value     cstackCOMMON 0078
reset_vec                      reset_vec    0000
saved_w                        (abs)        007E
scale@scl                      cstackBANK0  0041
sprintf@ap                     cstackBANK1  00CD
sprintf@c                      cstackBANK1  00E0
sprintf@exp                    cstackBANK1  00D8
sprintf@f                      cstackBANK0  0054
sprintf@flag                   cstackBANK1  00CE
sprintf@fval                   cstackBANK1  00DC
sprintf@prec                   cstackBANK1  00DA
sprintf@sp                     cstackBANK1  00DF
sprintf@tmpval                 cstackBANK1  00D0
sprintf@val                    cstackBANK1  00D4
stackhi                        (abs)        0000
stacklo                        (abs)        0000
start                          init         000C
start_initialization           cinit        07F3
ttemp                          (abs)        007E
ttemp0                         (abs)        007E
ttemp1                         (abs)        0081
ttemp2                         (abs)        0084
ttemp3                         (abs)        0087
ttemp4                         (abs)        007F
writeByteSHT71@cmd             cstackCOMMON 0074
writeByteSHT71@error           cstackCOMMON 0075
writeByteSHT71@i               cstackCOMMON 0076
writeDS18B20@Cmd               cstackCOMMON 0074
writeDS18B20@i                 cstackCOMMON 0075
wtemp                          (abs)        007E
wtemp0                         (abs)        007E
wtemp1                         (abs)        0080
wtemp2                         (abs)        0082
wtemp3                         (abs)        0084
wtemp4                         (abs)        0086
wtemp5                         (abs)        0088
wtemp6                         (abs)        007F


FUNCTION INFORMATION:

 *************** function _main *****************
 Defined at:
		line 445 in file "main.c"
 Parameters:    Size  Location     Type
		None
 Auto vars:     Size  Location     Type
		None
 Return value:  Size  Location     Type
		None               void
 Registers used:
		wreg, fsr0l, fsr0h, status,2, status,0, btemp+1, pclath, cstack
 Tracked objects:
		On entry : 
		On exit  : 
		Unchanged: 
 Data sizes:     COMMON   BANK0   BANK1   BANK3   BANK2
      Params:         0       0       0       0       0
      Locals:         0       0       0       0       0
      Temps:          0       2       0       0       0
      Totals:         0       2       0       0       0
Total ram usage:        2 bytes
 Hardware stack levels required when called:    8
 This function calls:
		_IOPinsConfig
		_IOPinsInit
		_LcdInit
		_UARTInit
		___eetoi
		___itoee
		_adcInit
		_displayAirMoist
		_displayAirTemp
		_displayCO2
		_displaySoilTemp
		_getResSHT71
		_getTempDS18B20
		_initSHT71
		_initTimer0
		_measureTGS4161
		_menu
		_regulacija
		_resetDS18B20
		_resetValues
 This function is called by:
		Startup code after reset
 This function uses a non-reentrant model


 *************** function _resetValues *****************
 Defined at:
		line 157 in file "main.c"
 Parameters:    Size  Location     Type
		None
 Auto vars:     Size  Location     Type
		None
 Return value:  Size  Location     Type
		None               void
 Registers used:
		wreg, status,2
 Tracked objects:
		On entry : 
		On exit  : 
		Unchanged: 
 Data sizes:     COMMON   BANK0   BANK1   BANK3   BANK2
      Params:         0       0       0       0       0
      Locals:         0       0       0       0       0
      Temps:          0       0       0       0       0
      Totals:         0       0       0       0       0
Total ram usage:        0 bytes
 Hardware stack levels used:    1
 Hardware stack levels required when called:    1
 This function calls:
		Nothing
 This function is called by:
		_main
 This function uses a non-reentrant model


 *************** function _regulacija *****************
 Defined at:
		line 185 in file "main.c"
 Parameters:    Size  Location     Type
		None
 Auto vars:     Size  Location     Type
		None
 Return value:  Size  Location     Type
		None               void
 Registers used:
		wreg, status,2, status,0, pclath, cstack
 Tracked objects:
		On entry : 
		On exit  : 
		Unchanged: 
 Data sizes:     COMMON   BANK0   BANK1   BANK3   BANK2
      Params:         0       0       0       0       0
      Locals:         0       0       0       0       0
      Temps:          0       2       0       0       0
      Totals:         0       2       0       0       0
Total ram usage:        2 bytes
 Hardware stack levels used:    1
 Hardware stack levels required when called:    3
 This function calls:
		___ftadd
		___ftge
 This function is called by:
		_main
 This function uses a non-reentrant model


 *************** function _menu *****************
 Defined at:
		line 360 in file "main.c"
 Parameters:    Size  Location     Type
		None
 Auto vars:     Size  Location     Type
		None
 Return value:  Size  Location     Type
		None               void
 Registers used:
		wreg, fsr0l, fsr0h, status,2, status,0, btemp+1, pclath, cstack
 Tracked objects:
		On entry : 
		On exit  : 
		Unchanged: 
 Data sizes:     COMMON   BANK0   BANK1   BANK3   BANK2
      Params:         0       0       0       0       0
      Locals:         0       0       0       0       0
      Temps:          0       0       0       0       0
      Totals:         0       0       0       0       0
Total ram usage:        0 bytes
 Hardware stack levels used:    1
 Hardware stack levels required when called:    7
 This function calls:
		_LcdSetCursor
		_LcdWriteString
		___ftadd
		___ftge
		___ftsub
		_manage_buttons
		_menuHumi
		_sprintf
 This function is called by:
		_main
 This function uses a non-reentrant model


 *************** function _menuHumi *****************
 Defined at:
		line 315 in file "main.c"
 Parameters:    Size  Location     Type
		None
 Auto vars:     Size  Location     Type
		None
 Return value:  Size  Location     Type
		None               void
 Registers used:
		wreg, fsr0l, fsr0h, status,2, status,0, btemp+1, pclath, cstack
 Tracked objects:
		On entry : 
		On exit  : 
		Unchanged: 
 Data sizes:     COMMON   BANK0   BANK1   BANK3   BANK2
      Params:         0       0       0       0       0
      Locals:         0       0       0       0       0
      Temps:          0       0       0       0       0
      Totals:         0       0       0       0       0
Total ram usage:        0 bytes
 Hardware stack levels used:    1
 Hardware stack levels required when called:    6
 This function calls:
		_LcdSetCursor
		_LcdWriteString
		___ftadd
		___ftge
		___ftsub
		_manage_buttons
		_menuCO2
		_sprintf
 This function is called by:
		_menu
 This function uses a non-reentrant model


 *************** function _menuCO2 *****************
 Defined at:
		line 273 in file "main.c"
 Parameters:    Size  Location     Type
		None
 Auto vars:     Size  Location     Type
		None
 Return value:  Size  Location     Type
		None               void
 Registers used:
		wreg, fsr0l, fsr0h, status,2, status,0, btemp+1, pclath, cstack
 Tracked objects:
		On entry : 
		On exit  : 
		Unchanged: 
 Data sizes:     COMMON   BANK0   BANK1   BANK3   BANK2
      Params:         0       0       0       0       0
      Locals:         0       0       0       0       0
      Temps:          0       0       0       0       0
      Totals:         0       0       0       0       0
Total ram usage:        0 bytes
 Hardware stack levels used:    1
 Hardware stack levels required when called:    5
 This function calls:
		_LcdSetCursor
		_LcdWriteInt
		_LcdWriteString
		_manage_buttons
 This function is called by:
		_menuHumi
 This function uses a non-reentrant model


 *************** function _manage_buttons *****************
 Defined at:
		line 246 in file "main.c"
 Parameters:    Size  Location     Type
		None
 Auto vars:     Size  Location     Type
		None
 Return value:  Size  Location     Type
		None               void
 Registers used:
		wreg
 Tracked objects:
		On entry : 
		On exit  : 
		Unchanged: 
 Data sizes:     COMMON   BANK0   BANK1   BANK3   BANK2
      Params:         0       0       0       0       0
      Locals:         0       0       0       0       0
      Temps:          2       0       0       0       0
      Totals:         2       0       0       0       0
Total ram usage:        2 bytes
 Hardware stack levels used:    1
 Hardware stack levels required when called:    1
 This function calls:
		Nothing
 This function is called by:
		_menuCO2
		_menuHumi
		_menu
 This function uses a non-reentrant model


 *************** function _measureTGS4161 *****************
 Defined at:
		line 30 in file "tgs4161.c"
 Parameters:    Size  Location     Type
		None
 Auto vars:     Size  Location     Type
  ppm             2   19[BANK0 ] unsigned int 
  temp            2   17[BANK0 ] unsigned int 
  ppm_temp        2   14[BANK0 ] unsigned int 
  krez2           2   12[BANK0 ] unsigned int 
  krez1           2   10[BANK0 ] unsigned int 
  i               1   16[BANK0 ] unsigned char 
 Return value:  Size  Location     Type
                  2    6[BANK0 ] unsigned int 
 Registers used:
		wreg, status,2, status,0, pclath, cstack
 Tracked objects:
		On entry : 
		On exit  : 
		Unchanged: 
 Data sizes:     COMMON   BANK0   BANK1   BANK3   BANK2
      Params:         0       2       0       0       0
      Locals:         0      11       0       0       0
      Temps:          0       2       0       0       0
      Totals:         0      15       0       0       0
Total ram usage:       15 bytes
 Hardware stack levels used:    1
 Hardware stack levels required when called:    2
 This function calls:
		___lwdiv
		___wmul
		_adcRead
 This function is called by:
		_main
 This function uses a non-reentrant model


 *************** function _adcRead *****************
 Defined at:
		line 12 in file "tgs4161.c"
 Parameters:    Size  Location     Type
		None
 Auto vars:     Size  Location     Type
  temp            2    4[BANK0 ] unsigned int 
  tempH           2    2[BANK0 ] unsigned short 
  tempL           2    0[BANK0 ] unsigned short 
 Return value:  Size  Location     Type
                  2    2[COMMON] unsigned int 
 Registers used:
		wreg, status,2
 Tracked objects:
		On entry : 
		On exit  : 
		Unchanged: 
 Data sizes:     COMMON   BANK0   BANK1   BANK3   BANK2
      Params:         2       0       0       0       0
      Locals:         0       6       0       0       0
      Temps:          2       0       0       0       0
      Totals:         4       6       0       0       0
Total ram usage:       10 bytes
 Hardware stack levels used:    1
 Hardware stack levels required when called:    1
 This function calls:
		Nothing
 This function is called by:
		_measureTGS4161
 This function uses a non-reentrant model


 *************** function _initTimer0 *****************
 Defined at:
		line 176 in file "main.c"
 Parameters:    Size  Location     Type
		None
 Auto vars:     Size  Location     Type
		None
 Return value:  Size  Location     Type
		None               void
 Registers used:
		wreg, status,2, status,0
 Tracked objects:
		On entry : 
		On exit  : 
		Unchanged: 
 Data sizes:     COMMON   BANK0   BANK1   BANK3   BANK2
      Params:         0       0       0       0       0
      Locals:         0       0       0       0       0
      Temps:          0       0       0       0       0
      Totals:         0       0       0       0       0
Total ram usage:        0 bytes
 Hardware stack levels used:    1
 Hardware stack levels required when called:    1
 This function calls:
		Nothing
 This function is called by:
		_main
 This function uses a non-reentrant model


 *************** function _initSHT71 *****************
 Defined at:
		line 10 in file "sht71.c"
 Parameters:    Size  Location     Type
		None
 Auto vars:     Size  Location     Type
		None
 Return value:  Size  Location     Type
		None               void
 Registers used:
		None
 Tracked objects:
		On entry : 
		On exit  : 
		Unchanged: 
 Data sizes:     COMMON   BANK0   BANK1   BANK3   BANK2
      Params:         0       0       0       0       0
      Locals:         0       0       0       0       0
      Temps:          0       0       0       0       0
      Totals:         0       0       0       0       0
Total ram usage:        0 bytes
 Hardware stack levels used:    1
 Hardware stack levels required when called:    1
 This function calls:
		Nothing
 This function is called by:
		_main
 This function uses a non-reentrant model


 *************** function _getTempDS18B20 *****************
 Defined at:
		line 67 in file "ds18b20.c"
 Parameters:    Size  Location     Type
		None
 Auto vars:     Size  Location     Type
  temperatura     3   52[BANK0 ] float 
  temp            2   59[BANK0 ] unsigned int 
  tempH           2   57[BANK0 ] unsigned short 
  tempL           2   55[BANK0 ] unsigned short 
 Return value:  Size  Location     Type
                  3   46[BANK0 ] float 
 Registers used:
		wreg, status,2, status,0, pclath, cstack
 Tracked objects:
		On entry : 
		On exit  : 
		Unchanged: 
 Data sizes:     COMMON   BANK0   BANK1   BANK3   BANK2
      Params:         0       3       0       0       0
      Locals:         0       9       0       0       0
      Temps:          0       3       0       0       0
      Totals:         0      15       0       0       0
Total ram usage:       15 bytes
 Hardware stack levels used:    1
 Hardware stack levels required when called:    3
 This function calls:
		___ftadd
		___ftmul
		___lwtoft
		_readDS18B20
		_resetDS18B20
		_writeDS18B20
 This function is called by:
		_main
 This function uses a non-reentrant model


 *************** function _writeDS18B20 *****************
 Defined at:
		line 23 in file "ds18b20.c"
 Parameters:    Size  Location     Type
  Cmd             1    wreg     unsigned char 
 Auto vars:     Size  Location     Type
  Cmd             1    3[COMMON] unsigned char 
  i               1    4[COMMON] unsigned char 
 Return value:  Size  Location     Type
		None               void
 Registers used:
		wreg, status,2, status,0
 Tracked objects:
		On entry : 
		On exit  : 
		Unchanged: 
 Data sizes:     COMMON   BANK0   BANK1   BANK3   BANK2
      Params:         0       0       0       0       0
      Locals:         2       0       0       0       0
      Temps:          1       0       0       0       0
      Totals:         3       0       0       0       0
Total ram usage:        3 bytes
 Hardware stack levels used:    1
 Hardware stack levels required when called:    1
 This function calls:
		Nothing
 This function is called by:
		_getTempDS18B20
 This function uses a non-reentrant model


 *************** function _resetDS18B20 *****************
 Defined at:
		line 3 in file "ds18b20.c"
 Parameters:    Size  Location     Type
		None
 Auto vars:     Size  Location     Type
		None
 Return value:  Size  Location     Type
                  1    wreg      unsigned char 
 Registers used:
		wreg
 Tracked objects:
		On entry : 
		On exit  : 
		Unchanged: 
 Data sizes:     COMMON   BANK0   BANK1   BANK3   BANK2
      Params:         0       0       0       0       0
      Locals:         0       0       0       0       0
      Temps:          1       0       0       0       0
      Totals:         1       0       0       0       0
Total ram usage:        1 bytes
 Hardware stack levels used:    1
 Hardware stack levels required when called:    1
 This function calls:
		Nothing
 This function is called by:
		_getTempDS18B20
		_main
 This function uses a non-reentrant model


 *************** function _readDS18B20 *****************
 Defined at:
		line 48 in file "ds18b20.c"
 Parameters:    Size  Location     Type
		None
 Auto vars:     Size  Location     Type
  i               1    4[COMMON] unsigned char 
  result          1    3[COMMON] unsigned char 
 Return value:  Size  Location     Type
                  1    wreg      unsigned char 
 Registers used:
		wreg, status,2, status,0
 Tracked objects:
		On entry : 
		On exit  : 
		Unchanged: 
 Data sizes:     COMMON   BANK0   BANK1   BANK3   BANK2
      Params:         0       0       0       0       0
      Locals:         2       0       0       0       0
      Temps:          1       0       0       0       0
      Totals:         3       0       0       0       0
Total ram usage:        3 bytes
 Hardware stack levels used:    1
 Hardware stack levels required when called:    1
 This function calls:
		Nothing
 This function is called by:
		_getTempDS18B20
 This function uses a non-reentrant model


 *************** function _getResSHT71 *****************
 Defined at:
		line 223 in file "sht71.c"
 Parameters:    Size  Location     Type
  p_temp          1    wreg     PTR float 
		 -> temp(3), 
  p_humi          1   77[BANK0 ] PTR float 
		 -> humi(3), 
 Auto vars:     Size  Location     Type
  p_temp          1    4[BANK1 ] PTR float 
		 -> temp(3), 
  temp_val        3   10[BANK1 ] struct .
  humi_val        3    6[BANK1 ] struct .
  checksum        1    9[BANK1 ] unsigned char 
  error           1    5[BANK1 ] unsigned char 
  inp             1    3[BANK1 ] unsigned char 
 Return value:  Size  Location     Type
		None               void
 Registers used:
		wreg, fsr0l, fsr0h, status,2, status,0, btemp+1, pclath, cstack
 Tracked objects:
		On entry : 
		On exit  : 
		Unchanged: 
 Data sizes:     COMMON   BANK0   BANK1   BANK3   BANK2
      Params:         0       1       0       0       0
      Locals:         0       0      10       0       0
      Temps:          0       0       3       0       0
      Totals:         0       1      13       0       0
Total ram usage:       14 bytes
 Hardware stack levels used:    1
 Hardware stack levels required when called:    4
 This function calls:
		_LcdSetCursor
		_LcdWriteString
		___lwtoft
		_calcSHT71
		_connectionResetSHT71
		_measureSHT71
		_readStatusRegSHT71
 This function is called by:
		_main
 This function uses a non-reentrant model


 *************** function _readStatusRegSHT71 *****************
 Defined at:
		line 213 in file "sht71.c"
 Parameters:    Size  Location     Type
  p_value         1    wreg     PTR unsigned char 
		 -> getResSHT71@inp(1), 
  p_checksum      1    6[COMMON] PTR unsigned char 
		 -> getResSHT71@checksum(1), 
 Auto vars:     Size  Location     Type
  p_value         1    7[COMMON] PTR unsigned char 
		 -> getResSHT71@inp(1), 
  error           1    8[COMMON] unsigned char 
 Return value:  Size  Location     Type
                  1    wreg      unsigned char 
 Registers used:
		wreg, fsr0l, fsr0h, status,2, status,0, pclath, cstack
 Tracked objects:
		On entry : 
		On exit  : 
		Unchanged: 
 Data sizes:     COMMON   BANK0   BANK1   BANK3   BANK2
      Params:         1       0       0       0       0
      Locals:         2       0       0       0       0
      Temps:          0       0       0       0       0
      Totals:         3       0       0       0       0
Total ram usage:        3 bytes
 Hardware stack levels used:    1
 Hardware stack levels required when called:    2
 This function calls:
		_readByteSHT71
		_tranStartSHT71
		_writeByteSHT71
 This function is called by:
		_getResSHT71
 This function uses a non-reentrant model


 *************** function _measureSHT71 *****************
 Defined at:
		line 91 in file "sht71.c"
 Parameters:    Size  Location     Type
  p_value         1    wreg     PTR unsigned char 
		 -> getResSHT71@temp_val(3), getResSHT71@humi_val(3), 
  p_checksum      1    6[COMMON] PTR unsigned char 
		 -> getResSHT71@checksum(1), 
  mode            1    7[COMMON] unsigned char 
 Auto vars:     Size  Location     Type
  p_value         1    0[BANK0 ] PTR unsigned char 
		 -> getResSHT71@temp_val(3), getResSHT71@humi_val(3), 
  temp            2    3[BANK0 ] unsigned int 
  error           2    1[BANK0 ] unsigned int 
 Return value:  Size  Location     Type
                  1    wreg      unsigned char 
 Registers used:
		wreg, fsr0l, fsr0h, status,2, status,0, pclath, cstack
 Tracked objects:
		On entry : 
		On exit  : 
		Unchanged: 
 Data sizes:     COMMON   BANK0   BANK1   BANK3   BANK2
      Params:         2       0       0       0       0
      Locals:         0       5       0       0       0
      Temps:          0       0       0       0       0
      Totals:         2       5       0       0       0
Total ram usage:        7 bytes
 Hardware stack levels used:    1
 Hardware stack levels required when called:    2
 This function calls:
		_readByteSHT71
		_tranStartSHT71
		_writeByteSHT71
 This function is called by:
		_getResSHT71
 This function uses a non-reentrant model


 *************** function _writeByteSHT71 *****************
 Defined at:
		line 168 in file "sht71.c"
 Parameters:    Size  Location     Type
  cmd             1    wreg     unsigned char 
 Auto vars:     Size  Location     Type
  cmd             1    3[COMMON] unsigned char 
  i               1    5[COMMON] unsigned char 
  error           1    4[COMMON] unsigned char 
 Return value:  Size  Location     Type
                  1    wreg      unsigned char 
 Registers used:
		wreg, status,2, status,0
 Tracked objects:
		On entry : 
		On exit  : 
		Unchanged: 
 Data sizes:     COMMON   BANK0   BANK1   BANK3   BANK2
      Params:         0       0       0       0       0
      Locals:         3       0       0       0       0
      Temps:          1       0       0       0       0
      Totals:         4       0       0       0       0
Total ram usage:        4 bytes
 Hardware stack levels used:    1
 Hardware stack levels required when called:    1
 This function calls:
		Nothing
 This function is called by:
		_measureSHT71
		_readStatusRegSHT71
 This function uses a non-reentrant model


 *************** function _readByteSHT71 *****************
 Defined at:
		line 148 in file "sht71.c"
 Parameters:    Size  Location     Type
  ack             1    wreg     unsigned char 
 Auto vars:     Size  Location     Type
  ack             1    3[COMMON] unsigned char 
  i               1    5[COMMON] unsigned char 
  res             1    4[COMMON] unsigned char 
 Return value:  Size  Location     Type
                  1    wreg      unsigned char 
 Registers used:
		wreg, status,2, status,0
 Tracked objects:
		On entry : 
		On exit  : 
		Unchanged: 
 Data sizes:     COMMON   BANK0   BANK1   BANK3   BANK2
      Params:         0       0       0       0       0
      Locals:         3       0       0       0       0
      Temps:          1       0       0       0       0
      Totals:         4       0       0       0       0
Total ram usage:        4 bytes
 Hardware stack levels used:    1
 Hardware stack levels required when called:    1
 This function calls:
		Nothing
 This function is called by:
		_measureSHT71
		_readStatusRegSHT71
 This function uses a non-reentrant model


 *************** function _connectionResetSHT71 *****************
 Defined at:
		line 191 in file "sht71.c"
 Parameters:    Size  Location     Type
		None
 Auto vars:     Size  Location     Type
  i               1    2[COMMON] unsigned char 
 Return value:  Size  Location     Type
		None               void
 Registers used:
		wreg, status,2, status,0, pclath, cstack
 Tracked objects:
		On entry : 
		On exit  : 
		Unchanged: 
 Data sizes:     COMMON   BANK0   BANK1   BANK3   BANK2
      Params:         0       0       0       0       0
      Locals:         1       0       0       0       0
      Temps:          0       0       0       0       0
      Totals:         1       0       0       0       0
Total ram usage:        1 bytes
 Hardware stack levels used:    1
 Hardware stack levels required when called:    2
 This function calls:
		_tranStartSHT71
 This function is called by:
		_getResSHT71
 This function uses a non-reentrant model


 *************** function _tranStartSHT71 *****************
 Defined at:
		line 15 in file "sht71.c"
 Parameters:    Size  Location     Type
		None
 Auto vars:     Size  Location     Type
		None
 Return value:  Size  Location     Type
		None               void
 Registers used:
		None
 Tracked objects:
		On entry : 
		On exit  : 
		Unchanged: 
 Data sizes:     COMMON   BANK0   BANK1   BANK3   BANK2
      Params:         0       0       0       0       0
      Locals:         0       0       0       0       0
      Temps:          0       0       0       0       0
      Totals:         0       0       0       0       0
Total ram usage:        0 bytes
 Hardware stack levels used:    1
 Hardware stack levels required when called:    1
 This function calls:
		Nothing
 This function is called by:
		_measureSHT71
		_connectionResetSHT71
		_readStatusRegSHT71
 This function uses a non-reentrant model


 *************** function _calcSHT71 *****************
 Defined at:
		line 129 in file "sht71.c"
 Parameters:    Size  Location     Type
  p_humidity      3   52[BANK0 ] float 
  p_temperatur    1   55[BANK0 ] PTR float 
		 -> getResSHT71@temp_val(3), 
 Auto vars:     Size  Location     Type
  rh              3   74[BANK0 ] float 
  rh_true         3   71[BANK0 ] float 
  t_C             3   62[BANK0 ] float 
  t               3   59[BANK0 ] float 
  rh_lin          3   56[BANK0 ] float 
 Return value:  Size  Location     Type
                  3   52[BANK0 ] float 
 Registers used:
		wreg, fsr0l, fsr0h, status,2, status,0, pclath, cstack
 Tracked objects:
		On entry : 
		On exit  : 
		Unchanged: 
 Data sizes:     COMMON   BANK0   BANK1   BANK3   BANK2
      Params:         0       4       0       0       0
      Locals:         0      21       0       0       0
      Temps:          0       0       0       0       0
      Totals:         0      25       0       0       0
Total ram usage:       25 bytes
 Hardware stack levels used:    1
 Hardware stack levels required when called:    3
 This function calls:
		___ftadd
		___ftge
		___ftmul
 This function is called by:
		_getResSHT71
 This function uses a non-reentrant model


 *************** function ___lwtoft *****************
 Defined at:
		line 28 in file "C:\Program Files\Microchip\xc8\v1.35\sources\common\lwtoft.c"
 Parameters:    Size  Location     Type
  c               2    3[BANK0 ] unsigned int 
 Auto vars:     Size  Location     Type
		None
 Return value:  Size  Location     Type
                  3    3[BANK0 ] float 
 Registers used:
		wreg, status,2, status,0, pclath, cstack
 Tracked objects:
		On entry : 
		On exit  : 
		Unchanged: 
 Data sizes:     COMMON   BANK0   BANK1   BANK3   BANK2
      Params:         0       3       0       0       0
      Locals:         0       0       0       0       0
      Temps:          0       0       0       0       0
      Totals:         0       3       0       0       0
Total ram usage:        3 bytes
 Hardware stack levels used:    1
 Hardware stack levels required when called:    2
 This function calls:
		___ftpack
 This function is called by:
		_getTempDS18B20
		_getResSHT71
 This function uses a non-reentrant model


 *************** function _displaySoilTemp *****************
 Defined at:
		line 146 in file "main.c"
 Parameters:    Size  Location     Type
  t2              3   62[BANK0 ] float 
 Auto vars:     Size  Location     Type
		None
 Return value:  Size  Location     Type
		None               void
 Registers used:
		wreg, fsr0l, fsr0h, status,2, status,0, btemp+1, pclath, cstack
 Tracked objects:
		On entry : 
		On exit  : 
		Unchanged: 
 Data sizes:     COMMON   BANK0   BANK1   BANK3   BANK2
      Params:         0       3       0       0       0
      Locals:         0       0       0       0       0
      Temps:          0       0       0       0       0
      Totals:         0       3       0       0       0
Total ram usage:        3 bytes
 Hardware stack levels used:    1
 Hardware stack levels required when called:    5
 This function calls:
		_LcdSetCursor
		_LcdWriteString
		___eetoi
		_sprintf
 This function is called by:
		_main
 This function uses a non-reentrant model


 *************** function ___eetoi *****************
 Defined at:
		line 56 in file "C:\Program Files\Microchip\xc8\v1.35\sources\pic\eeprom.c"
 Parameters:    Size  Location     Type
  addr            1    wreg     PTR eeprom void 
		 -> test(2), 
 Auto vars:     Size  Location     Type
  addr            1    0[BANK0 ] PTR eeprom void 
		 -> test(2), 
  data            2    1[BANK0 ] unsigned int 
 Return value:  Size  Location     Type
                  2    6[COMMON] unsigned int 
 Registers used:
		wreg, fsr0l, fsr0h, status,2, status,0, pclath, cstack
 Tracked objects:
		On entry : 
		On exit  : 
		Unchanged: 
 Data sizes:     COMMON   BANK0   BANK1   BANK3   BANK2
      Params:         3       0       0       0       0
      Locals:         0       3       0       0       0
      Temps:          0       0       0       0       0
      Totals:         3       3       0       0       0
Total ram usage:        6 bytes
 Hardware stack levels used:    1
 Hardware stack levels required when called:    2
 This function calls:
		_eecpymem
 This function is called by:
		_displaySoilTemp
		_main
 This function uses a non-reentrant model


 *************** function _eecpymem *****************
 Defined at:
		line 6 in file "C:\Program Files\Microchip\xc8\v1.35\sources\pic\eeprom.c"
 Parameters:    Size  Location     Type
  to              1    wreg     PTR volatile unsigned ch
[...]
      Locals:         0       0       0       0       0
      Temps:          0       0       0       0       0
      Totals:         0       0       0       0       0
Total ram usage:        0 bytes
 Hardware stack levels used:    1
 Hardware stack levels required when called:    1
 This function calls:
		Nothing
 This function is called by:
		_main
 This function uses a non-reentrant model


 *************** function ___itoee *****************
 Defined at:
		line 87 in file "C:\Program Files\Microchip\xc8\v1.35\sources\pic\eeprom.c"
 Parameters:    Size  Location     Type
  addr            1    wreg     PTR eeprom void 
		 -> test(2), 
  data            2    3[BANK0 ] unsigned int 
 Auto vars:     Size  Location     Type
  addr            1    5[BANK0 ] PTR eeprom void 
		 -> test(2), 
 Return value:  Size  Location     Type
                  2    3[BANK0 ] unsigned int 
 Registers used:
		wreg, fsr0l, fsr0h, status,2, status,0, pclath, cstack
 Tracked objects:
		On entry : 
		On exit  : 
		Unchanged: 
 Data sizes:     COMMON   BANK0   BANK1   BANK3   BANK2
      Params:         0       2       0       0       0
      Locals:         0       1       0       0       0
      Temps:          0       0       0       0       0
      Totals:         0       3       0       0       0
Total ram usage:        3 bytes
 Hardware stack levels used:    1
 Hardware stack levels required when called:    2
 This function calls:
		_memcpyee
 This function is called by:
		_main
 This function uses a non-reentrant model


 *************** function _memcpyee *****************
 Defined at:
		line 24 in file "C:\Program Files\Microchip\xc8\v1.35\sources\pic\eeprom.c"
 Parameters:    Size  Location     Type
  to              1    wreg     PTR eeprom unsigned char
		 -> test(2), 
  from            1    2[COMMON] PTR const unsigned char 
		 -> __fltoee@data(3), __fttoee@data(3), __ltoee@data(4), __mtoee@data(3), 
		 -> __itoee@data(2), __ctoee@data(1), 
  size            1    3[COMMON] unsigned char 
 Auto vars:     Size  Location     Type
  to              1    5[COMMON] PTR eeprom unsigned char
		 -> test(2), 
  ptr             1    4[COMMON] PTR const unsigned char 
		 -> __fltoee@data(3), __fttoee@data(3), __ltoee@data(4), __mtoee@data(3), 
		 -> __itoee@data(2), __ctoee@data(1), 
 Return value:  Size  Location     Type
		None               void
 Registers used:
		wreg, fsr0l, fsr0h, status,2, status,0
 Tracked objects:
		On entry : 
		On exit  : 
		Unchanged: 
 Data sizes:     COMMON   BANK0   BANK1   BANK3   BANK2
      Params:         2       0       0       0       0
      Locals:         2       0       0       0       0
      Temps:          0       0       0       0       0
      Totals:         4       0       0       0       0
Total ram usage:        4 bytes
 Hardware stack levels used:    1
 Hardware stack levels required when called:    1
 This function calls:
		Nothing
 This function is called by:
		___itoee
 This function uses a non-reentrant model


 *************** function _UARTInit *****************
 Defined at:
		line 4 in file "uart.c"
 Parameters:    Size  Location     Type
  baud_rate       4    8[BANK0 ] const unsigned long 
 Auto vars:     Size  Location     Type
  x               2   17[BANK0 ] unsigned int 
  k               1    0        unsigned char 
 Return value:  Size  Location     Type
                  1    wreg      unsigned char 
 Registers used:
		wreg, status,2, status,0, pclath, cstack
 Tracked objects:
		On entry : 
		On exit  : 
		Unchanged: 
 Data sizes:     COMMON   BANK0   BANK1   BANK3   BANK2
      Params:         0       4       0       0       0
      Locals:         0       7       0       0       0
      Temps:          0       0       0       0       0
      Totals:         0      11       0       0       0
Total ram usage:       11 bytes
 Hardware stack levels used:    1
 Hardware stack levels required when called:    2
 This function calls:
		___lldiv
 This function is called by:
		_main
 This function uses a non-reentrant model


 *************** function ___lldiv *****************
 Defined at:
		line 6 in file "C:\Program Files\Microchip\xc8\v1.35\sources\common\lldiv.c"
 Parameters:    Size  Location     Type
  divisor         4    0[BANK0 ] unsigned long 
  dividend        4    4[BANK0 ] unsigned long 
 Auto vars:     Size  Location     Type
  quotient        4    2[COMMON] unsigned long 
  counter         1    6[COMMON] unsigned char 
 Return value:  Size  Location     Type
                  4    0[BANK0 ] unsigned long 
 Registers used:
		wreg, status,2, status,0
 Tracked objects:
		On entry : 
		On exit  : 
		Unchanged: 
 Data sizes:     COMMON   BANK0   BANK1   BANK3   BANK2
      Params:         0       8       0       0       0
      Locals:         5       0       0       0       0
      Temps:          0       0       0       0       0
      Totals:         5       8       0       0       0
Total ram usage:       13 bytes
 Hardware stack levels used:    1
 Hardware stack levels required when called:    1
 This function calls:
		Nothing
 This function is called by:
		_UARTInit
		_sprintf
 This function uses a non-reentrant model


 *************** function _LcdInit *****************
 Defined at:
		line 66 in file "lcd.c"
 Parameters:    Size  Location     Type
		None
 Auto vars:     Size  Location     Type
		None
 Return value:  Size  Location     Type
		None               void
 Registers used:
		wreg, status,2, status,0, pclath, cstack
 Tracked objects:
		On entry : 
		On exit  : 
		Unchanged: 
 Data sizes:     COMMON   BANK0   BANK1   BANK3   BANK2
      Params:         0       0       0       0       0
      Locals:         0       0       0       0       0
      Temps:          2       0       0       0       0
      Totals:         2       0       0       0       0
Total ram usage:        2 bytes
 Hardware stack levels used:    1
 Hardware stack levels required when called:    3
 This function calls:
		_LcdCmd
		_LcdPort
 This function is called by:
		_main
 This function uses a non-reentrant model


 *************** function _LcdCmd *****************
 Defined at:
		line 30 in file "lcd.c"
 Parameters:    Size  Location     Type
  a               1    wreg     unsigned char 
 Auto vars:     Size  Location     Type
  a               1    5[COMMON] unsigned char 
 Return value:  Size  Location     Type
		None               void
 Registers used:
		wreg, status,2, status,0, pclath, cstack
 Tracked objects:
		On entry : 
		On exit  : 
		Unchanged: 
 Data sizes:     COMMON   BANK0   BANK1   BANK3   BANK2
      Params:         0       0       0       0       0
      Locals:         1       0       0       0       0
      Temps:          2       0       0       0       0
      Totals:         3       0       0       0       0
Total ram usage:        3 bytes
 Hardware stack levels used:    1
 Hardware stack levels required when called:    2
 This function calls:
		_LcdPort
 This function is called by:
		_LcdSetCursor
		_LcdInit
 This function uses a non-reentrant model


 *************** function _LcdPort *****************
 Defined at:
		line 8 in file "lcd.c"
 Parameters:    Size  Location     Type
  a               1    wreg     unsigned char 
 Auto vars:     Size  Location     Type
  a               1    2[COMMON] unsigned char 
 Return value:  Size  Location     Type
		None               void
 Registers used:
		wreg
 Tracked objects:
		On entry : 
		On exit  : 
		Unchanged: 
 Data sizes:     COMMON   BANK0   BANK1   BANK3   BANK2
      Params:         0       0       0       0       0
      Locals:         1       0       0       0       0
      Temps:          0       0       0       0       0
      Totals:         1       0       0       0       0
Total ram usage:        1 bytes
 Hardware stack levels used:    1
 Hardware stack levels required when called:    1
 This function calls:
		Nothing
 This function is called by:
		_LcdCmd
		_LcdInit
		_LcdWriteChar
 This function uses a non-reentrant model


 *************** function _IOPinsInit *****************
 Defined at:
		line 102 in file "main.c"
 Parameters:    Size  Location     Type
		None
 Auto vars:     Size  Location     Type
		None
 Return value:  Size  Location     Type
		None               void
 Registers used:
		None
 Tracked objects:
		On entry : 
		On exit  : 
		Unchanged: 
 Data sizes:     COMMON   BANK0   BANK1   BANK3   BANK2
      Params:         0       0       0       0       0
      Locals:         0       0       0       0       0
      Temps:          0       0       0       0       0
      Totals:         0       0       0       0       0
Total ram usage:        0 bytes
 Hardware stack levels used:    1
 Hardware stack levels required when called:    1
 This function calls:
		Nothing
 This function is called by:
		_main
 This function uses a non-reentrant model


 *************** function _IOPinsConfig *****************
 Defined at:
		line 94 in file "main.c"
 Parameters:    Size  Location     Type
		None
 Auto vars:     Size  Location     Type
		None
 Return value:  Size  Location     Type
		None               void
 Registers used:
		wreg, status,2, status,0
 Tracked objects:
		On entry : 
		On exit  : 
		Unchanged: 
 Data sizes:     COMMON   BANK0   BANK1   BANK3   BANK2
      Params:         0       0       0       0       0
      Locals:         0       0       0       0       0
      Temps:          0       0       0       0       0
      Totals:         0       0       0       0       0
Total ram usage:        0 bytes
 Hardware stack levels used:    1
 Hardware stack levels required when called:    1
 This function calls:
		Nothing
 This function is called by:
		_main
 This function uses a non-reentrant model


 *************** function _isr *****************
 Defined at:
		line 67 in file "main.c"
 Parameters:    Size  Location     Type
		None
 Auto vars:     Size  Location     Type
		None
 Return value:  Size  Location     Type
		None               void
 Registers used:
		wreg, status,2, status,0
 Tracked objects:
		On entry : 
		On exit  : 
		Unchanged: 
 Data sizes:     COMMON   BANK0   BANK1   BANK3   BANK2
      Params:         0       0       0       0       0
      Locals:         0       0       0       0       0
      Temps:          2       0       0       0       0
      Totals:         2       0       0       0       0
Total ram usage:        2 bytes
 Hardware stack levels used:    1
 This function calls:
		Nothing
 This function is called by:
		Interrupt level 1
 This function uses a non-reentrant model



MODULE INFORMATION

Module		Function		Class		Link	Load	Size
C:\Program Files\Microchip\xc8\v1.35\sources\common\ftge.c
		___ftge        		CODE           	0DE5	0000	45

C:\Program Files\Microchip\xc8\v1.35\sources\common\ftge.c estimated size: 45

C:\Program Files\Microchip\xc8\v1.35\sources\common\ftneg.c
		___ftneg       		CODE           	0EB0	0000	9

C:\Program Files\Microchip\xc8\v1.35\sources\common\ftneg.c estimated size: 9

C:\Program Files\Microchip\xc8\v1.35\sources\common\doprnt.c
		_scale         		CODE           	129B	0000	403
		_sprintf       		CODE           	0934	0000	1202
		_fround        		CODE           	1173	0000	242

C:\Program Files\Microchip\xc8\v1.35\sources\common\doprnt.c estimated size: 1847

C:\Program Files\Microchip\xc8\v1.35\sources\common\lwtoft.c
		___lwtoft      		CODE           	0371	0000	19

C:\Program Files\Microchip\xc8\v1.35\sources\common\lwtoft.c estimated size: 19

C:\Program Files\Microchip\xc8\v1.35\sources\common\lltoft.c
		___lltoft      		CODE           	1155	0000	31

C:\Program Files\Microchip\xc8\v1.35\sources\common\lltoft.c estimated size: 31

C:\Program Files\Microchip\xc8\v1.35\sources\common\ftsub.c
		___ftsub       		CODE           	0EB8	0000	30

C:\Program Files\Microchip\xc8\v1.35\sources\common\ftsub.c estimated size: 30

C:\Program Files\Microchip\xc8\v1.35\sources\common\float.c
		___ftpack      		CODE           	16FA	0000	67

C:\Program Files\Microchip\xc8\v1.35\sources\common\float.c estimated size: 67

uart.c
		_UARTInit      		CODE           	1CF4	0000	102

uart.c estimated size: 102

C:\Program Files\Microchip\xc8\v1.35\sources\common\isdigit.c
		_isdigit       		CODE           	0FF2	0000	15

C:\Program Files\Microchip\xc8\v1.35\sources\common\isdigit.c estimated size: 15

C:\Program Files\Microchip\xc8\v1.35\sources\common\awmod.c
		___awmod       		CODE           	1472	0000	62

C:\Program Files\Microchip\xc8\v1.35\sources\common\awmod.c estimated size: 62

sht71.c
		_readByteSHT71 		CODE           	03F4	0000	49
		_connectionResetSHT71		CODE           	047E	0000	24
		_calcSHT71     		CODE           	152A	0000	273
		_measureSHT71  		CODE           	0383	0000	114
		_getResSHT71   		CODE           	02D6	0000	156
		_tranStartSHT71		CODE           	0424	0000	43
		_readStatusRegSHT71		CODE           	02BD	0000	26
		_writeByteSHT71		CODE           	044E	0000	49
		_initSHT71     		CODE           	0011	0000	5

sht71.c estimated size: 739

C:\Program Files\Microchip\xc8\v1.35\sources\common\llmod.c
		___llmod       		CODE           	0E11	0000	63

C:\Program Files\Microchip\xc8\v1.35\sources\common\llmod.c estimated size: 63

C:\Program Files\Microchip\xc8\v1.35\sources\common\ftdivl.c
		__tdiv_to_l_   		CODE           	1C7C	0000	121

C:\Program Files\Microchip\xc8\v1.35\sources\common\ftdivl.c estimated size: 121

C:\Program Files\Microchip\xc8\v1.35\sources\common\Umul16.c
		___wmul        		CODE           	0E97	0000	26

C:\Program Files\Microchip\xc8\v1.35\sources\common\Umul16.c estimated size: 26

C:\Program Files\Microchip\xc8\v1.35\sources\common\ftmul.c
		___ftmul       		CODE           	14AF	0000	110

C:\Program Files\Microchip\xc8\v1.35\sources\common\ftmul.c estimated size: 110

C:\Program Files\Microchip\xc8\v1.35\sources\common\lwdiv.c
		___lwdiv       		CODE           	07A0	0000	43

C:\Program Files\Microchip\xc8\v1.35\sources\common\lwdiv.c estimated size: 43

C:\Program Files\Microchip\xc8\v1.35\sources\common\awdiv.c
		___awdiv       		CODE           	142D	0000	70

C:\Program Files\Microchip\xc8\v1.35\sources\common\awdiv.c estimated size: 70

C:\Program Files\Microchip\xc8\v1.35\sources\pic\eeprom.c
		_eecpymem      		CODE           	1C60	0000	29
		___eetoi       		CODE           	1C53	0000	14
		___itoee       		CODE           	1B7C	0000	8
		_memcpyee      		CODE           	1B83	0000	44

C:\Program Files\Microchip\xc8\v1.35\sources\pic\eeprom.c estimated size: 95

C:\Program Files\Microchip\xc8\v1.35\sources\common\lbmod.c
		___lbmod       		CODE           	127F	0000	29

C:\Program Files\Microchip\xc8\v1.35\sources\common\lbmod.c estimated size: 29

shared
		PL12           		CODE           	0F21	0000	13
		PL50           		CODE           	1786	0000	12
		PL8            		CODE           	1EF3	0000	14
		PL22           		CODE           	111F	0000	15
		PL60           		CODE           	17A7	0000	8
		PL100          		CODE           	17FA	0000	7
		PL32           		CODE           	1751	0000	8
		PL70           		CODE           	1148	0000	7
		PL42           		CODE           	0F50	0000	14
		PL80           		CODE           	0FEB	0000	8
		PL14           		CODE           	0F2D	0000	9
		PL52           		CODE           	0F69	0000	12
		PL90           		CODE           	17F3	0000	8
		PL24           		CODE           	0F35	0000	15
		PL62           		CODE           	17AE	0000	8
		__stringtab    		STRCODE        	1800	0000	19
		PL34           		CODE           	1758	0000	14
		PL72           		CODE           	17C5	0000	9
		PL44           		CODE           	1772	0000	9
		PL82           		CODE           	17E5	0000	8
		PL16           		CODE           	07E2	0000	18
		PL54           		CODE           	1791	0000	8
		PL92           		CODE           	114E	0000	8
		PL26           		CODE           	112D	0000	15
		PL64           		CODE           	17B5	0000	9
		__powers_      		STRCODE        	1839	0000	40
		PL36           		CODE           	0F43	0000	14
		PL74           		CODE           	17CD	0000	9
		PL46           		CODE           	0F5D	0000	13
		PL84           		CODE           	0101	0000	7
		_dpowers       		STRCODE        	1860	0000	41
		PL18           		CODE           	1D6F	0000	16
		PL56           		CODE           	1798	0000	9
		PL94           		CODE           	0F83	0000	8
		PL28           		CODE           	173C	0000	15
		PL66           		CODE           	0F74	0000	9
		PL38           		CODE           	1765	0000	14
		PL76           		CODE           	17D5	0000	9
		PL48           		CODE           	177A	0000	13
		PL86           		CODE           	17EC	0000	8
		PL58           		CODE           	17A0	0000	8
		PL96           		CODE           	0F8A	0000	7
		PL68           		CODE           	17BD	0000	9
		PL78           		CODE           	17DD	0000	9
		PL88           		CODE           	0F7C	0000	8
		PL98           		CODE           	1E2F	0000	7
		__npowers_     		STRCODE        	1812	0000	40
		__initialization		CODE           	07F3	0000	10
		PL2            		CODE           	0ED5	0000	39
		PL10           		CODE           	0F0D	0000	21
		PL4            		CODE           	0EFB	0000	19
		PL20           		CODE           	1111	0000	15
		PL30           		CODE           	174A	0000	8
		PL6            		CODE           	1D59	0000	23
		PL40           		CODE           	113B	0000	14

shared estimated size: 737

C:\Program Files\Microchip\xc8\v1.35\sources\common\lldiv.c
		___lldiv       		CODE           	0E4F	0000	73

C:\Program Files\Microchip\xc8\v1.35\sources\common\lldiv.c estimated size: 73

C:\Program Files\Microchip\xc8\v1.35\sources\common\Umul8.c
		___bmul        		CODE           	151C	0000	15

C:\Program Files\Microchip\xc8\v1.35\sources\common\Umul8.c estimated size: 15

ds18b20.c
		_writeDS18B20  		CODE           	0087	0000	49
		_readDS18B20   		CODE           	00B7	0000	40
		_resetDS18B20  		CODE           	00DE	0000	36
		_getTempDS18B20		CODE           	0015	0000	115

ds18b20.c estimated size: 240

C:\Program Files\Microchip\xc8\v1.35\sources\common\fttol.c
		___fttol       		CODE           	0F90	0000	92

C:\Program Files\Microchip\xc8\v1.35\sources\common\fttol.c estimated size: 92

C:\Program Files\Microchip\xc8\v1.35\sources\common\fldivl.c
		__div_to_l_    		CODE           	1E35	0000	191

C:\Program Files\Microchip\xc8\v1.35\sources\common\fldivl.c estimated size: 191

lcd.c
		_LcdCmd        		CODE           	1BFB	0000	25
		_LcdPort       		CODE           	07CA	0000	25
		_LcdWriteInt   		CODE           	0699	0000	181
		_LcdWriteChar  		CODE           	077B	0000	38
		_LcdInit       		CODE           	1BAE	0000	78
		_LcdWriteString		CODE           	05EE	0000	25
		_LcdSetCursor  		CODE           	074D	0000	47

lcd.c estimated size: 419

tgs4161.c
		_adcRead       		CODE           	1E06	0000	42
		_measureTGS4161		CODE           	1D7E	0000	137
		_adcInit       		CODE           	1B51	0000	13

tgs4161.c estimated size: 192

C:\Program Files\Microchip\xc8\v1.35\sources\common\ftadd.c
		___ftadd       		CODE           	163A	0000	193

C:\Program Files\Microchip\xc8\v1.35\sources\common\ftadd.c estimated size: 193

main.c
		_regulacija    		CODE           	1044	0000	206
		_displayCO2    		CODE           	0495	0000	52
		_menu          		CODE           	04C8	0000	295
		_main          		CODE           	081D	0000	280
		_menuCO2       		CODE           	0606	0000	148
		_resetValues   		CODE           	1B5D	0000	32
		_displayAirTemp		CODE           	1006	0000	63
		_manage_buttons		CODE           	025D	0000	97
		_isr           		CODE           	0802	0000	28
		_initTimer0    		CODE           	1B3C	0000	10
		_IOPinsConfig  		CODE           	1B45	0000	13
		_IOPinsInit    		CODE           	1B2D	0000	8
		_displaySoilTemp		CODE           	1C13	0000	65
		_displayAirMoist		CODE           	0107	0000	53
		_menuHumi      		CODE           	013B	0000	291

main.c estimated size: 1641

C:\Program Files\Microchip\xc8\v1.35\sources\common\lbdiv.c
		___lbdiv       		CODE           	1264	0000	28

C:\Program Files\Microchip\xc8\v1.35\sources\common\lbdiv.c estimated size: 28

