Microchip MPLAB XC8 Compiler V1.35 ()

Linker command line:

--edf=C:\Program Files\Microchip\xc8\v1.35\dat\en_msgs.txt -cs \
  -h+dist/default/production\Regulacija.X.production.sym \
  --cmf=dist/default/production\Regulacija.X.production.cmf -z -Q16F886 \
  -oC:\Users\Milankov\AppData\Local\Temp\s3j4.2 \
  -Mdist/default/production/Regulacija.X.production.map -E1 -ver=XC8 \
  -ASTACK=0110h-016fh -pstack=STACK -ACODE=00h-07FFhx4 -ASTRCODE=00h-01FFFh \
  -ASTRING=00h-0FFhx32 -ACONST=00h-0FFhx32 -AENTRY=00h-0FFhx32 \
  -ACOMMON=070h-07Fh -ABANK0=020h-06Fh -ABANK1=0A0h-0EFh \
  -ABANK2=0110h-016Fh -ABANK3=0190h-01EFh \
  -ARAM=020h-06Fh,0A0h-0EFh,0110h-016Fh,0190h-01EFh \
  -AABS1=020h-07Fh,0A0h-0EFh,0110h-016Fh,0190h-01EFh -ASFR0=00h-01Fh \
  -ASFR1=080h-09Fh -ASFR2=0100h-010Fh -ASFR3=0180h-018Fh \
  -preset_vec=00h,intentry=04h,init,end_init -ppowerup=CODE -pcinit=CODE \
  -pfunctab=CODE -ACONFIG=02007h-02008h -pconfig=CONFIG -DCONFIG=2 \
  -AIDLOC=02000h-02003h -pidloc=IDLOC -DIDLOC=2 -AEEDATA=00h-0FFh/02100h \
  -peeprom_data=EEDATA -DEEDATA=2 -DCODE=2 -DSTRCODE=2 -DSTRING=2 -DCONST=2 \
  -DENTRY=2 -k C:\Users\Milankov\AppData\Local\Temp\s3j4.obj \
  dist/default/production\Regulacija.X.production.obj 

Object code version is 3.11

Machine type is 16F886



                Name                               Link     Load   Length Selector   Space Scale
C:\Users\Milankov\AppData\Local\Temp\s3j4.obj
                end_init                              C        C        3        8       0
                reset_vec                             0        0        3        0       0
                config                             2007     2007        2     400E       0
dist/default/production\Regulacija.X.production.obj
                cinit                                 F        F        D        8       0
                intentry                              4        4        8        8       0
                text72                              85E      85E       2D     10BC       0
                text71                              846      846        C     108C       0
                text70                              826      826        7     104C       0
                text65                               1C       1C      7C2        8       0
                text64                              852      852        C     10A4       0
                text51                             1B73     1B73       CB     36E6       0
                text45                             1E9D     1E9D      163     3D3A       0
                text34                              88B      88B      775     1116       0
                text21                             10AB     10AB      755     2156       0
                text20                              822      822        4     1044       0
                text19                              83C      83C        A     1078       0
                text18                              7F1      7F1        F        8       0
                text17                              82D      82D        7     105A       0
                text13                             1C3E     1C3E      10B     387C       0
                text1                               7DE      7DE       13        8       0
                maintext                           1D49     1D49      154     3A92       0
                cstackBANK0                          20       20       4E       20       1
                cstackCOMMON                         70       70        A       70       1
                cstackBANK1                          C4       C4       1A       A0       1
                clrtext                             834      834        8     1068       0
                bssBANK1                             A0       A0       24       A0       1
                bssCOMMON                            7A       7A        2       70       1
                bssEEDATA                             0     2100        8     4200       3
                stringtext                         1800     1800      175       30       0

TOTAL           Name                               Link     Load   Length     Space
        CLASS   STACK          

        CLASS   CODE           
                end_init                              C        C        3         0
                cinit                                 F        F        D         0
                intentry                              4        4        8         0
                reset_vec                             0        0        3         0
                text72                              85E      85E       2D         0
                text71                              846      846        C         0
                text70                              826      826        7         0
                text65                               1C       1C      7C2         0
                text64                              852      852        C         0
                text51                             1B73     1B73       CB         0
                text45                             1E9D     1E9D      163         0
                text34                              88B      88B      775         0
                text21                             10AB     10AB      755         0
                text20                              822      822        4         0
                text19                              83C      83C        A         0
                text18                              7F1      7F1        F         0
                text17                              82D      82D        7         0
                text13                             1C3E     1C3E      10B         0
                text1                               7DE      7DE       13         0
                maintext                           1D49     1D49      154         0
                clrtext                             834      834        8         0

        CLASS   STRCODE        
                stringtext                         1800     1800      175         0

        CLASS   STRING         

        CLASS   CONST          

        CLASS   ENTRY          

        CLASS   COMMON         
                cstackCOMMON                         70       70        A         1
                bssCOMMON                            7A       7A        2         1

        CLASS   BANK0          
                cstackBANK0                          20       20       4E         1

        CLASS   BANK1          
                cstackBANK1                          C4       C4       1A         1
                bssBANK1                             A0       A0       24         1

        CLASS   BANK2          

        CLASS   BANK3          

        CLASS   RAM            

        CLASS   ABS1           
                abs_s1                               7E       7E        2         1

        CLASS   SFR0           

        CLASS   SFR1           

        CLASS   SFR2           

        CLASS   SFR3           

        CLASS   CONFIG         
                config                             2007     2007        2         0

        CLASS   IDLOC          

        CLASS   EEDATA         
                bssEEDATA                             0     2100        8         3



SEGMENTS        Name                           Load    Length   Top    Selector   Space  Class     Delta

                reset_vec                      000000  000003  000003         0       0  CODE        2
                intentry                       000004  0007FC  000800         8       0  CODE        2
                cstackBANK0                    000020  00004E  00006E        20       1  BANK0       1
                cstackCOMMON                   000070  00000C  00007C        70       1  COMMON      1
                bssBANK1                       0000A0  00003E  0000DE        A0       1  BANK1       1
                text20                         000822  000004  000826      1044       0  CODE        2
                text70                         000826  000007  00082D      104C       0  CODE        2
                text17                         00082D  000007  000834      105A       0  CODE        2
                clrtext                        000834  000008  00083C      1068       0  CODE        2
                text19                         00083C  00000A  000846      1078       0  CODE        2
                text71                         000846  00000C  000852      108C       0  CODE        2
                text64                         000852  00000C  00085E      10A4       0  CODE        2
                text72                         00085E  00002D  00088B      10BC       0  CODE        2
                text34                         00088B  000775  001000      1116       0  CODE        2
                text21                         0010AB  000755  001800      2156       0  CODE        2
                stringtext                     001800  000175  001975        30       0  STRCODE     2
                text51                         001B73  0000CB  001C3E      36E6       0  CODE        2
                text13                         001C3E  00010B  001D49      387C       0  CODE        2
                maintext                       001D49  000154  001E9D      3A92       0  CODE        2
                text45                         001E9D  000163  002000      3D3A       0  CODE        2
                config                         002007  000002  002009      400E       0  CONFIG      2
                bssEEDATA                      002100  000008  002108      4200       3  EEDATA      2


UNUSED ADDRESS RANGES

        Name                Unused          Largest block    Delta
        BANK0            006E-006F              2           1
        BANK1            00DE-00EF             12           1
        BANK2            0110-016F             60           1
        BANK3            0190-01EF             60           1
        CODE             0003-0003              1           2
                         0800-0821             22
                         1000-10AA             AB
                         1975-1B72            1FE
        COMMON           007C-007D              2           1
        CONST            0003-0003              1           2
                         0800-0821             22
                         1000-10AA             AB
                         1975-1B72            100
        EEDATA           2108-21FF             F8           2
        ENTRY            0003-0003              1           2
                         0800-0821             22
                         1000-10AA             AB
                         1975-1B72            100
        IDLOC            2000-2003              4           2
        RAM              006E-006F              2           1
                         00DE-00EF             12
                         0110-016F             60
                         0190-01EF             60
        SFR0             0000-001F             20           1
        SFR1             0080-009F             20           1
        SFR2             0100-010F             10           1
        SFR3             0180-018F             10           1
        STACK            0110-016F             60           1
        STRCODE          0003-0003              1           2
                         0800-0821             22
                         1000-10AA             AB
                         1975-1B72            1FE
        STRING           0003-0003              1           2
                         0800-0821             22
                         1000-10AA             AB
                         1975-1B72            100

                                  Symbol Table

?___awdiv                      cstackBANK0  0020
?___awmod                      cstackCOMMON 0072
?___eetoft                     cstackCOMMON 0076
?___eetoi                      cstackCOMMON 0076
?___ftadd                      cstackBANK0  0042
?___ftmul                      cstackBANK0  0028
?___ftneg                      cstackCOMMON 0072
?___ftpack                     cstackCOMMON 0072
?___ftsub                      cstackBANK0  004E
?___fttol                      cstackBANK0  0042
?___lldiv                      cstackCOMMON 0072
?___llmod                      cstackCOMMON 0072
?___lltoft                     cstackBANK0  0020
?___lwdiv                      cstackCOMMON 0072
?___lwtoft                     cstackBANK0  0020
?___wmul                       cstackCOMMON 0072
?__div_to_l_                   cstackCOMMON 0072
?__tdiv_to_l_                  cstackCOMMON 0072
?_adcRead                      cstackBANK0  0020
?_calcSHT71                    cstackBANK0  0054
?_fround                       cstackBANK0  0037
?_getTempDS18B20               cstackBANK0  004E
?_measureTGS4161               cstackBANK0  002C
?_scale                        cstackBANK0  0037
?_sprintf                      cstackBANK0  0054
LcdCmd@a                       cstackCOMMON 0075
LcdPort@a                      cstackCOMMON 0072
LcdSetCursor@a                 cstackBANK0  0020
LcdSetCursor@b                 cstackCOMMON 0076
LcdSetCursor@temp              cstackBANK0  0023
LcdSetCursor@y                 cstackBANK0  0022
LcdSetCursor@z                 cstackBANK0  0021
LcdWriteChar@a                 cstackCOMMON 0076
LcdWriteChar@temp              cstackCOMMON 0074
LcdWriteChar@y                 cstackCOMMON 0075
LcdWriteInt@ch                 cstackBANK0  002A
LcdWriteInt@ch_manje_100       cstackBANK0  0028
LcdWriteInt@ch_manje_1000      cstackBANK0  0029
LcdWriteInt@column             cstackBANK0  0027
LcdWriteInt@i                  cstackBANK0  0024
LcdWriteInt@row                cstackBANK0  0026
LcdWriteString@a               cstackCOMMON 0077
LcdWriteString@i               cstackBANK0  0023
PL10                           text13       1D32
PL12                           text34       0FC0
PL14                           text65       0761
PL16                           text65       0097
PL18                           text21       1767
PL2                            text65       073E
PL20                           text34       0FD1
PL22                           text65       0770
PL24                           text34       0FDF
PL26                           text65       077E
PL28                           text21       1775
PL30                           text21       177D
PL32                           text45       1FCF
PL34                           text21       178A
PL36                           text21       1791
PL38                           text65       078B
PL4                            text65       0081
PL40                           text65       0793
PL42                           text65       07A0
PL44                           text21       179E
PL46                           text65       07AC
PL48                           text21       17AA
PL50                           text65       07B7
PL52                           text45       1FD6
PL54                           text21       17B5
PL56                           text45       1FDD
PL58                           text21       17BD
PL6                            text51       1C31
PL60                           text21       17C4
PL62                           text34       0FEC
PL64                           text21       17CB
PL66                           text65       07C2
PL68                           text21       17D3
PL70                           text21       17DB
PL72                           text45       1FE4
PL74                           text21       17E3
PL76                           text34       0FF3
PL78                           text21       17EB
PL8                            text65       0755
PL80                           text65       07CA
PL82                           text65       07D1
PL84                           text45       1FEC
PL86                           text21       17F3
PL88                           text45       1FF3
PL90                           text21       17F9
PL92                           text34       0FF9
PL94                           text65       07D8
PL96                           text13       1D43
PL98                           text45       1FFA
UARTInit@baud_rate             cstackBANK0  0025
UARTInit@x                     cstackBANK0  002E
UARTWrite@data                 cstackCOMMON 0072
UARTWriteString@i              cstackCOMMON 0078
UARTWriteString@str            cstackCOMMON 0073
_ADCON0                        (abs)        001F
_ADCON0bits                    (abs)        001F
_ADCON1                        (abs)        009F
_ADRESH                        (abs)        001E
_ADRESL                        (abs)        009E
_ANSEL                         (abs)        0188
_ANSELH                        (abs)        0189
_BRG16                         (abs)        0C3B
_BRGH                          (abs)        04C2
_CARRY                         (abs)        0018
_CREN                          (abs)        00C4
_EEADR                         (abs)        010D
_EECON1                        (abs)        018C
_EECON2                        (abs)        018D
_EEDATA                        (abs)        010C
_GIE                           (abs)        005F
_INTCON                        (abs)        000B
_INTCONbits                    (abs)        000B
_IOPinsConfig                  text71       0846
_IOPinsInit                    text70       0826
_LcdCmd                        text34       0F67
_LcdInit                       text34       0F1C
_LcdPort                       text34       0F7D
_LcdSetCursor                  text34       0E85
_LcdWriteChar                  text34       0ECD
_LcdWriteInt                   text34       0BA1
_LcdWriteString                text34       0EAE
_OPTION_REG                    (abs)        0081
_OPTION_REGbits                (abs)        0081
_PIE1bits                      (abs)        008C
_PIR1bits                      (abs)        000C
_RA1                           (abs)        0029
_RA2                           (abs)        002A
_RA3                           (abs)        002B
_RA4                           (abs)        002C
_RA5                           (abs)        002D
_RB0                           (abs)        0030
_RB1                           (abs)        0031
_RB2                           (abs)        0032
_RB3                           (abs)        0033
_RB4                           (abs)        0034
_RB5                           (abs)        0035
_RB6                           (abs)        0036
_RB7                           (abs)        0037
_RC0                           (abs)        0038
_RC1                           (abs)        0039
_RC3                           (abs)        003B
_RC4                           (abs)        003C
_RC5                           (abs)        003D
_RD                            (abs)        0C60
_SPBRG                         (abs)        0099
_SPBRGH                        (abs)        009A
_SPEN                          (abs)        00C7
_SYNC                          (abs)        04C4
_T1CONbits                     (abs)        0010
_TMR0                          (abs)        0001
_TMR1H                         (abs)        000F
_TMR1L                         (abs)        000E
_TRISA                         (abs)        0085
_TRISB                         (abs)        0086
_TRISBbits                     (abs)        0086
_TRISC                         (abs)        0087
_TRISCbits                     (abs)        0087
_TRMT                          (abs)        04C1
_TXEN                          (abs)        04C5
_TXREG                         (abs)        0019
_UARTInit                      text65       001C
_UARTInit$1257                 cstackBANK0  0029
_UARTWrite                     text13       1D2A
_UARTWriteString               text13       1D12
_WDTCONbits                    (abs)        0105
_WR                            (abs)        0C61
_WREN                          (abs)        0C62
__CFG_BOR4V$BOR40V             (abs)        0000
__CFG_BOREN$ON                 (abs)        0000
__CFG_CP$OFF                   (abs)        0000
__CFG_CPD$OFF                  (abs)        0000
__CFG_FCMEN$ON                 (abs)        0000
__CFG_FOSC$HS                  (abs)        0000
__CFG_IESO$ON                  (abs)        0000
__CFG_LVP$OFF                  (abs)        0000
__CFG_MCLRE$ON                 (abs)        0000
__CFG_PWRTE$OFF                (abs)        0000
__CFG_WRT$OFF                  (abs)        0000
__Habs1                        abs1         0000
__Hbank0                       bank0        0000
__Hbank1                       bank1        0000
__Hbank2                       bank2        0000
__Hbank3                       bank3        0000
__HbssBANK1                    bssBANK1     0000
__HbssCOMMON                   bssCOMMON    0000
__HbssEEDATA                   bssEEDATA    0000
__Hcinit                       cinit        001C
__Hclrtext                     clrtext      0000
__Hcode                        code         0000
__Hcommon                      common       0000
__Hconfig                      config       2009
__HcstackBANK0                 cstackBANK0  0000
__HcstackBANK1                 cstackBANK1  0000
__HcstackCOMMON                cstackCOMMON 0000
__Heeprom_data                 eeprom_data  0000
__Hend_init                    end_init     000F
__Hfunctab                     functab      0000
__Hidloc                       idloc        0000
__Hinit                        init         000C
__Hintentry                    intentry     000C
__Hmaintext                    maintext     0000
__Hpa_nodes                    pa_nodes     0000
__Hpowerup                     powerup      0000
__Hram                         ram          0000
__Hreset_vec                   reset_vec    0003
__Hsfr0                        sfr0         0000
__Hsfr1                        sfr1         0000
__Hsfr2                        sfr2         0000
__Hsfr3                        sfr3         0000
__Hspace_0                     (abs)        2009
__Hspace_1                     (abs)        00DE
__Hspace_2                     (abs)        0000
__Hspace_3                     (abs)        0008
__Hstack                       stack        0000
__Hstrings                     strings      0000
__Hstringtext                  stringtext   0000
__Htext                        text         0000
__Labs1                        abs1         0000
__Lbank0                       bank0        0000
__Lbank1                       bank1        0000
__Lbank2                       bank2        0000
__Lbank3                       bank3        0000
__LbssBANK1                    bssBANK1     0000
__LbssCOMMON                   bssCOMMON    0000
__LbssEEDATA                   bssEEDATA    0000
__Lcinit                       cinit        000F
__Lclrtext                     clrtext      0000
__Lcode                        code         0000
__Lcommon                      common       0000
__Lconfig                      config       2007
__LcstackBANK0                 cstackBANK0  0000
__LcstackBANK1                 cstackBANK1  0000
__LcstackCOMMON                cstackCOMMON 0000
__Leeprom_data                 eeprom_data  0000
__Lend_init                    end_init     000C
__Lfunctab                     functab      0000
__Lidloc                       idloc        0000
__Linit                        init         000C
__Lintentry                    intentry     0004
__Lmaintext                    maintext     0000
__Lpa_nodes                    pa_nodes     0000
__Lpowerup                     powerup      0000
__Lram                         ram          0000
__Lreset_vec                   reset_vec    0000
__Lsfr0                        sfr0         0000
__Lsfr1                        sfr1         0000
__Lsfr2                        sfr2         0000
__Lsfr3                        sfr3         0000
__Lspace_0                     (abs)        0000
__Lspace_1                     (abs)        0000
__Lspace_2                     (abs)        0000
__Lspace_3                     (abs)        0000
__Lstack                       stack        0000
__Lstrings                     strings      0000
__Lstringtext                  stringtext   0000
__Ltext                        text         0000
__S0                           (abs)        2009
__S1                           (abs)        00DE
__S2                           (abs)        0000
__S3                           (abs)        2108
___awdiv                       text21       1628
___awdiv@counter               cstackBANK0  0024
___awdiv@dividend              cstackBANK0  0022
___awdiv@divisor               cstackBANK0  0020
___awdiv@quotient              cstackBANK0  0026
___awdiv@sign                  cstackBANK0  0025
___awmod                       text21       166D
___awmod@counter               cstackCOMMON 0076
___awmod@dividend              cstackCOMMON 0074
___awmod@divisor               cstackCOMMON 0072
___awmod@sign                  cstackCOMMON 0077
___bmul                        text21       1717
___bmul@multiplicand           cstackCOMMON 0078
___bmul@multiplier             cstackBANK0  0024
___bmul@product                cstackBANK0  0023
___eetoft                      text34       0E4B
___eetoft@addr                 cstackBANK0  0023
___eetoft@data                 cstackBANK0  0020
___eetoi                       text34       0E5B
___eetoi@addr                  cstackBANK0  0022
___eetoi@data                  cstackBANK0  0020
___ftadd                       text65       05BB
___ftadd@exp1                  cstackBANK0  004D
___ftadd@exp2                  cstackBANK0  004C
___ftadd@f1                    cstackBANK0  0042
___ftadd@f2                    cstackBANK0  0045
___ftadd@sign                  cstackBANK0  004B
___ftge                        text65       048B
___ftge@ff1                    cstackBANK0  004E
___ftge@ff2                    cstackBANK0  0051
___ftmul                       text21       16AA
___ftmul@cntr                  cstackBANK0  0035
___ftmul@exp                   cstackBANK0  0031
___ftmul@f1                    cstackBANK0  0028
___ftmul@f2                    cstackBANK0  002B
___ftmul@f3_as_product         cstackBANK0  0032
___ftmul@sign                  cstackBANK0  0036
___ftneg                       text65       05B3
___ftneg@f1                    cstackCOMMON 0072
___ftpack                      text21       1725
___ftpack@arg                  cstackCOMMON 0072
___ftpack@exp                  cstackCOMMON 0075
___ftpack@sign                 cstackCOMMON 0076
___ftsub                       text65       067D
___ftsub@f1                    cstackBANK0  0051
___ftsub@f2                    cstackBANK0  004E
___fttoee                      text34       0EC6
___fttoee@addr                 cstackBANK0  0051
___fttoee@data                 cstackBANK0  004E
___fttol                       text65       04B7
___fttol@exp1                  cstackBANK0  004E
___fttol@f1                    cstackBANK0  0042
___fttol@lval                  cstackBANK0  004A
___fttol@sign1                 cstackBANK0  0049
___int_sp                      stack        0000
___itoee                       text34       0B9A
___itoee@addr                  cstackCOMMON 0079
___itoee@data                  cstackBANK0  0023
___latbits                     (abs)        0002
___lbdiv                       text45       1F98
___lbdiv@counter               cstackBANK0  0021
___lbdiv@dividend              cstackBANK0  0020
___lbdiv@divisor               cstackCOMMON 0077
___lbdiv@quotient              cstackBANK0  0022
___lbmod                       text45       1FB3
___lbmod@counter               cstackCOMMON 0075
___lbmod@dividend              cstackCOMMON 0074
___lbmod@divisor               cstackCOMMON 0072
___lbmod@rem                   cstackCOMMON 0076
___lldiv                       text65       0551
___lldiv@counter               cstackBANK0  0024
___lldiv@dividend              cstackCOMMON 0076
___lldiv@divisor               cstackCOMMON 0072
___lldiv@quotient              cstackBANK0  0020
___llmod                       text65       0512
___llmod@counter               cstackBANK0  0020
___llmod@dividend              cstackCOMMON 0076
___llmod@divisor               cstackCOMMON 0072
___lltoft                      text65       0698
___lltoft@c                    cstackBANK0  0020
___lltoft@exp                  cstackBANK0  0024
___lwdiv                       text34       0EF2
___lwdiv@counter               cstackCOMMON 0078
___lwdiv@dividend              cstackCOMMON 0074
___lwdiv@divisor               cstackCOMMON 0072
___lwdiv@quotient              cstackCOMMON 0076
___lwtoft                      text21       1247
___lwtoft@c                    cstackBANK0  0020
___sp                          stack        0000
___wmul                        text65       059A
___wmul@multiplicand           cstackCOMMON 0074
___wmul@multiplier             cstackCOMMON 0072
___wmul@product                cstackCOMMON 0076
__div_to_l_                    text51       1B73
__div_to_l_@cntr               cstackBANK0  002C
__div_to_l_@exp1               cstackBANK0  002D
__div_to_l_@f1                 cstackCOMMON 0072
__div_to_l_@f2                 cstackCOMMON 0075
__div_to_l_@quot               cstackBANK0  0028
__end_ofPL10                   text13       1D43
__end_ofPL12                   text34       0FD1
__end_ofPL14                   text65       0770
__end_ofPL16                   text65       00A6
__end_ofPL18                   text21       1775
__end_ofPL2                    text65       0755
__end_ofPL20                   text34       0FDF
__end_ofPL22                   text65       077E
__end_ofPL24                   text34       0FEC
__end_ofPL26                   text65       078B
__end_ofPL28                   text21       177D
__end_ofPL30                   text21       178A
__end_ofPL32                   text45       1FD6
__end_ofPL34                   text21       1791
__end_ofPL36                   text21       179E
__end_ofPL38                   text65       0793
__end_ofPL4                    text65       0097
__end_ofPL40                   text65       07A0
__end_ofPL42                   text65       07AC
__end_ofPL44                   text21       17AA
__end_ofPL46                   text65       07B7
__end_ofPL48                   text21       17B5
__end_ofPL50                   text65       07C2
__end_ofPL52                   text45       1FDD
__end_ofPL54                   text21       17BD
__end_ofPL56                   text45       1FE4
__end_ofPL58                   text21       17C4
__end_ofPL6                    text51       1C3E
__end_ofPL60                   text21       17CB
__end_ofPL62                   text34       0FF3
__end_ofPL64                   text21       17D3
__end_ofPL66                   text65       07CA
__end_ofPL68                   text21       17DB
__end_ofPL70                   text21       17E3
__end_ofPL72                   text45       1FEC
__end_ofPL74                   text21       17EB
__end_ofPL76                   text34       0FF9
__end_ofPL78                   text21       17F3
__end_ofPL8                    text65       0761
__end_ofPL80                   text65       07D1
__end_ofPL82                   text65       07D8
__end_ofPL84                   text45       1FF3
__end_ofPL86                   text21       17F9
__end_ofPL88                   text45       1FFA
__end_ofPL90                   text21       1800
__end_ofPL92                   text34       1000
__end_ofPL94                   text65       07DE
__end_ofPL96                   text13       1D49
__end_ofPL98                   text45       2000
__end_of_IOPinsConfig          text71       0852
__end_of_IOPinsInit            text70       082D
__end_of_LcdCmd                text34       0F7D
__end_of_LcdInit               text34       0F67
__end_of_LcdPort               text34       0F95
__end_of_LcdSetCursor          text34       0EAE
__end_of_LcdWriteChar          text34       0EF2
__end_of_LcdWriteInt           text34       0C55
__end_of_LcdWriteString        text34       0EC6
__end_of_UARTInit              text65       0081
__end_of_UARTWrite             text13       1D32
__end_of_UARTWriteString       text13       1D2A
__end_of___awdiv               text21       166D
__end_of___awmod               text21       16AA
__end_of___bmul                text21       1725
__end_of___eetoft              text34       0E5B
__end_of___eetoi               text34       0E69
__end_of___ftadd               text65       067D
__end_of___ftge                text65       04B7
__end_of___ftmul               text21       1717
__end_of___ftneg               text65       05BB
__end_of___ftpack              text21       1767
__end_of___ftsub               text65       0698
__end_of___fttoee              text34       0ECD
__end_of___fttol               text65       0512
__end_of___itoee               text34       0BA1
__end_of___lbdiv               text45       1FB3
__end_of___lbmod               text45       1FCF
__end_of___lldiv               text65       059A
__end_of___llmod               text65       0551
__end_of___lltoft              text65       06B8
__end_of___lwdiv               text34       0F1C
__end_of___lwtoft              text21       1257
__end_of___wmul                text65       05B3
__end_of__div_to_l_            text51       1C31
__end_of__initialization       cinit        0018
__end_of__npowers_             stringtext   1839
__end_of__powers_              stringtext   1860
__end_of__stringtab            stringtext   1812
__end_of__tdiv_to_l_           text65       0730
__end_of_adcInit               text64       085E
__end_of_adcRead               text13       1D12
__end_of_calcSHT71             text21       148E
__end_of_connectionResetSHT71  text21       137A
__end_of_displayAirMoist       text34       0927
__end_of_displayAirTemp        text34       08F3
__end_of_displayCO2            text34       095A
__end_of_displaySoilTemp       text34       08BF
__end_of_dpowers               stringtext   1888
__end_of_eecpymem              text34       0E85
__end_of_fround                text45       1F98
__end_of_getResSHT71           text21       1247
__end_of_getTempDS18B20        text21       1117
__end_of_initSHT71             text20       0826
__end_of_initTimer0            text19       0846
__end_of_initTimer1            text18       0800
__end_of_initWDT               text17       0834
__end_of_isdigit               text65       073E
__end_of_isr                   text72       088B
__end_of_main                  maintext     1E9D
__end_of_manage_buttons        text34       0AC6
__end_of_measureSHT71          text21       12D9
__end_of_measureTGS4161        text13       1CCB
__end_of_memcpyee              text34       0FC0
__end_of_menu                  text34       0D66
__end_of_menuCO2               text34       0B9A
__end_of_menuHumi              text34       0A68
__end_of_readByteSHT71         text21       1309
__end_of_readDS18B20           text21       116E
__end_of_readStatusRegSHT71    text21       11AA
__end_of_regulacija            text34       0E4B
__end_of_resetDS18B20          text21       1191
__end_of_resetValues           text1        07F1
__end_of_scale                 text21       1628
__end_of_sprintf               text65       048B
__end_of_tranStartSHT71        text21       1333
__end_of_writeByteSHT71        text21       1363
__end_of_writeDS18B20          text21       1147
__initialization               cinit        000F
__npowers_                     stringtext   1812
__pbssBANK1                    bssBANK1     00A0
__pbssCOMMON                   bssCOMMON    007A
__pbssEEDATA                   bssEEDATA    0000
__pcstackBANK0                 cstackBANK0  0020
__pcstackBANK1                 cstackBANK1  00C4
__pcstackCOMMON                cstackCOMMON 0070
__pintentry                    intentry     0004
__pmaintext                    maintext     1D49
__powers_                      stringtext   1839
__pstringtext                  stringtext   1800
__ptext1                       text1        07DE
__ptext10                      text34       0F95
__ptext11                      text34       0E4B
__ptext12                      text34       0E69
__ptext13                      text13       1C3E
__ptext14                      text13       1CCB
__ptext15                      text13       1D12
__ptext16                      text13       1D2A
__ptext17                      text17       082D
__ptext18                      text18       07F1
__ptext19                      text19       083C
__ptext2                       text34       0D66
__ptext20                      text20       0822
__ptext21                      text21       10AB
__ptext22                      text21       1117
__ptext23                      text21       116E
__ptext24                      text21       1147
__ptext25                      text21       11AA
__ptext26                      text21       1191
__ptext27                      text21       1257
__ptext28                      text21       1333
__ptext29                      text21       12D9
__ptext3                       text34       0C55
__ptext30                      text21       1363
__ptext31                      text21       1309
__ptext32                      text21       137A
__ptext33                      text21       1247
__ptext34                      text34       088B
__ptext35                      text34       0927
__ptext36                      text34       0BA1
__ptext37                      text34       0EF2
__ptext38                      text34       08BF
__ptext39                      text34       08F3
__ptext4                       text34       095A
__ptext40                      text65       00A6
__ptext41                      text21       148E
__ptext42                      text21       166D
__ptext43                      text21       1628
__ptext44                      text65       0730
__ptext45                      text45       1E9D
__ptext46                      text45       1FB3
__ptext47                      text45       1F98
__ptext48                      text21       16AA
__ptext49                      text21       1717
__ptext5                       text34       0AC6
__ptext50                      text65       06B8
__ptext51                      text51       1B73
__ptext52                      text65       059A
__ptext53                      text65       0698
__ptext54                      text65       0512
__ptext55                      text65       04B7
__ptext56                      text65       067D
__ptext57                      text65       05BB
__ptext58                      text21       1725
__ptext59                      text65       05B3
__ptext6                       text34       0A68
__ptext60                      text65       048B
__ptext61                      text34       0EAE
__ptext62                      text34       0ECD
__ptext63                      text34       0E85
__ptext64                      text64       0852
__ptext65                      text65       001C
__ptext66                      text65       0551
__ptext67                      text34       0F1C
__ptext68                      text34       0F67
__ptext69                      text34       0F7D
__ptext7                       text34       0B9A
__ptext70                      text70       0826
__ptext71                      text71       0846
__ptext72                      text72       085E
__ptext8                       text34       0E5B
__ptext9                       text34       0EC6
__size_of_IOPinsConfig         (abs)        0000
__size_of_IOPinsInit           (abs)        0000
__size_of_LcdCmd               (abs)        0000
__size_of_LcdInit              (abs)        0000
__size_of_LcdPort              (abs)        0000
__size_of_LcdSetCursor         (abs)        0000
__size_of_LcdWriteChar         (abs)        0000
__size_of_LcdWriteInt          (abs)        0000
__size_of_LcdWriteString       (abs)        0000
__size_of_UARTInit             (abs)        0000
__size_of_UARTWrite            (abs)        0000
__size_of_UARTWriteString      (abs)        0000
__size_of___awdiv              (abs)        0000
__size_of___awmod              (abs)        0000
__size_of___bmul               (abs)        0000
__size_of___eetoft             (abs)        0000
__size_of___eetoi              (abs)        0000
__size_of___ftadd              (abs)        0000
__size_of___ftge               (abs)        0000
__size_of___ftmul              (abs)        0000
__size_of___ftneg              (abs)        0000
__size_of___ftpack             (abs)        0000
__size_of___ftsub              (abs)        0000
__size_of___fttoee             (abs)        0000
__size_of___fttol              (abs)        0000
__size_of___itoee              (abs)        0000
__size_of___lbdiv              (abs)        0000
__size_of___lbmod              (abs)        0000
__size_of___lldiv              (abs)        0000
__size_of___llmod              (abs)        0000
__size_of___lltoft             (abs)        0000
__size_of___lwdiv              (abs)        0000
__size_of___lwtoft             (abs)        0000
__size_of___wmul               (abs)        0000
__size_of__div_to_l_           (abs)        0000
__size_of__tdiv_to_l_          (abs)        0000
__size_of_adcInit              (abs)        0000
__size_of_adcRead              (abs)        0000
__size_of_calcSHT71            (abs)        0000
__size_of_connectionResetSHT71 (abs)        0000
__size_of_displayAirMoist      (abs)        0000
__size_of_displayAirTemp       (abs)        0000
__size_of_displayCO2           (abs)        0000
__size_of_displaySoilTemp      (abs)        0000
__size_of_eecpymem             (abs)        0000
__size_of_fround               (abs)        0000
__size_of_getResSHT71          (abs)        0000
__size_of_getTempDS18B20       (abs)        0000
__size_of_initSHT71            (abs)        0000
__size_of_initTimer0           (abs)        0000
__size_of_initTimer1           (abs)        0000
__size_of_initWDT              (abs)        0000
__size_of_isdigit              (abs)        0000
__size_of_isr                  (abs)        0000
__size_of_main                 (abs)        0000
__size_of_manage_buttons       (abs)        0000
__size_of_measureSHT71         (abs)        0000
__size_of_measureTGS4161       (abs)        0000
__size_of_memcpyee             (abs)        0000
__size_of_menu                 (abs)        0000
__size_of_menuCO2              (abs)        0000
__size_of_menuHumi             (abs)        0000
__size_of_readByteSHT71        (abs)        0000
__size_of_readDS18B20          (abs)        0000
__size_of_readStatusRegSHT71   (abs)        0000
__size_of_regulacija           (abs)        0000
__size_of_resetDS18B20         (abs)        0000
__size_of_resetValues          (abs)        0000
__size_of_scale                (abs)        0000
__size_of_sprintf              (abs)        0000
__size_of_tranStartSHT71       (abs)        0000
__size_of_writeByteSHT71       (abs)        0000
__size_of_writeDS18B20         (abs)        0000
__stringbase                   stringtext   1812
__stringtab                    stringtext   1800
__tdiv_to_l_                   text65       06B8
__tdiv_to_l_@cntr              cstackBANK0  0027
__tdiv_to_l_@exp1              cstackBANK0  0028
__tdiv_to_l_@f1                cstackCOMMON 0072
__tdiv_to_l_@f2                cstackCOMMON 0075
__tdiv_to_l_@quot              cstackBANK0  0023
_adcInit                       text64       0852
_adcRead                       text13       1CCB
_calcSHT71                     text21       137A
_calcSHT71$1255                cstackBANK0  0061
_calcSHT71$1256                cstackBANK0  0064
_co2                           bssBANK1     00A7
_connectionResetSHT71          text21       1363
_disp                          bssBANK1     00AB
_disp_count                    bssBANK1     00AC
_displayAirMoist               text34       08F3
_displayAirTemp                text34       08BF
_displayCO2                    text34       0927
_displaySoilTemp               text34       088B
_dpowers                       stringtext   1860
_eecpymem                      text34       0E69
_fround                        text45       1E9D
_fround$1258                   cstackBANK0  003E
_fround$1259                   cstackBANK0  003B
_getResSHT71                   text21       11AA
_getTempDS18B20                text21       10AB
_humi                          bssBANK1     00BE
_humidity                      bssBANK1     00B4
_initSHT71                     text20       0822
_initTimer0                    text19       083C
_initTimer1                    text18       07F1
_initWDT                       text17       082D
_isdigit                       text65       0730
_isdigit$959                   cstackCOMMON 0072
_isr                           text72       085E
_main                          maintext     1D49
_manage_buttons                text34       0A68
_measure                       bssBANK1     00AD
_measureSHT71                  text21       1257
_measureTGS4161                text13       1C3E
_measure_co2                   bssBANK1     00AE
_measure_count                 bssBANK1     00AF
_memcpyee                      text34       0F95
_menu                          text34       0C55
_menuCO2                       text34       0AC6
_menuHumi                      text34       095A
_menu_flag                     bssBANK1     00B0
_minus_flag                    bssBANK1     00B1
_ok_flag                       bssCOMMON    007A
_ok_flag_co2                   bssBANK1     00B2
_ok_flag_humi                  bssBANK1     00B3
_plus_flag                     bssCOMMON    007B
_readByteSHT71                 text21       12D9
_readDS18B20                   text21       1147
_readStatusRegSHT71            text21       1191
_regulacija                    text34       0D66
_resetDS18B20                  text21       116E
_resetValues                   text1        07DE
_scale                         text21       148E
_scale$1260                    cstackBANK0  003E
_sprintf                       text65       00A6
_sprintf$1261                  cstackBANK1  00C4
_t                             bssBANK1     00A4
_temp                          bssBANK1     00C1
_temperature                   bssBANK1     00B9
_tempervalue                   bssBANK1     00A0
_tmr_count                     bssBANK1     00A9
_tranStartSHT71                text21       1309
_writeByteSHT71                text21       1333
_writeDS18B20                  text21       1117
_zeljena_co2                   bssEEDATA    0006
_zeljena_temperatura           bssEEDATA    0000
_zeljena_vlaznost              bssEEDATA    0003
adcRead@loop_count             cstackBANK0  0024
adcRead@temp                   cstackBANK0  002A
adcRead@tempH                  cstackBANK0  0028
adcRead@tempL                  cstackBANK0  0026
btemp                          (abs)        007E
calcSHT71@p_humidity           cstackBANK0  0054
calcSHT71@p_temperature        cstackBANK0  0057
calcSHT71@rh                   cstackBANK0  006A
calcSHT71@rh_lin               cstackBANK0  0058
calcSHT71@rh_true              cstackBANK0  0067
calcSHT71@t                    cstackBANK0  005B
calcSHT71@t_C                  cstackBANK0  005E
clear_ram0                     clrtext      0834
connectionResetSHT71@i         cstackCOMMON 0072
displayAirMoist@humi2          cstackBANK0  005E
displayAirTemp@temp2           cstackBANK0  005E
displayCO2@co22                cstackBANK0  002B
displaySoilTemp@t2             cstackBANK0  005E
eecpymem@cp                    cstackCOMMON 0074
eecpymem@from                  cstackCOMMON 0072
eecpymem@size                  cstackCOMMON 0073
eecpymem@to                    cstackCOMMON 0075
end_of_initialization          cinit        0018
fround@prec                    cstackBANK0  0041
getResSHT71@checksum           cstackBANK1  00CD
getResSHT71@error              cstackBANK1  00C9
getResSHT71@humi_val           cstackBANK1  00CA
getResSHT71@inp                cstackBANK1  00C7
getResSHT71@p_humi             cstackBANK0  006D
getResSHT71@p_temp             cstackBANK1  00C8
getResSHT71@temp_val           cstackBANK1  00CE
getTempDS18B20@temp            cstackBANK0  005B
getTempDS18B20@tempH           cstackBANK0  0059
getTempDS18B20@tempL           cstackBANK0  0057
getTempDS18B20@temperatura     cstackBANK0  0054
interrupt_function             intentry     0004
intlevel0                      functab      0000
intlevel1                      functab      0000
intlevel2                      functab      0000
intlevel3                      functab      0000
intlevel4                      functab      0000
intlevel5                      functab      0000
isdigit@c                      cstackCOMMON 0073
ltemp                          (abs)        007E
ltemp0                         (abs)        007E
ltemp1                         (abs)        0082
ltemp2                         (abs)        0086
ltemp3                         (abs)        0080
measureSHT71@error             cstackBANK0  0022
measureSHT71@loop_cnt          cstackBANK0  0021
measureSHT71@mode              cstackCOMMON 0077
measureSHT71@p_checksum        cstackCOMMON 0076
measureSHT71@p_value           cstackBANK0  0020
measureSHT71@temp              cstackBANK0  0024
measureTGS4161@i               cstackBANK0  0038
measureTGS4161@krez1           cstackBANK0  0030
measureTGS4161@krez2           cstackBANK0  0032
measureTGS4161@n               cstackBANK0  0036
measureTGS4161@ppm             cstackBANK0  003B
measureTGS4161@ppm_temp        cstackBANK0  0034
measureTGS4161@temp            cstackBANK0  0039
memcpyee@from                  cstackCOMMON 0072
memcpyee@ptr                   cstackCOMMON 0074
memcpyee@size                  cstackCOMMON 0073
memcpyee@to                    cstackCOMMON 0075
readByteSHT71@ack              cstackCOMMON 0073
readByteSHT71@i                cstackCOMMON 0075
readByteSHT71@res              cstackCOMMON 0074
readDS18B20@i                  cstackCOMMON 0074
readDS18B20@result             cstackCOMMON 0073
readStatusRegSHT71@error       cstackCOMMON 0078
readStatusRegSHT71@p_checksum  cstackCOMMON 0076
readStatusRegSHT71@p_value     cstackCOMMON 0077
reset_vec                      reset_vec    0000
saved_w                        (abs)        007E
scale@scl                      cstackBANK0  0041
sprintf@ap                     cstackBANK1  00C7
sprintf@c                      cstackBANK1  00DA
sprintf@exp                    cstackBANK1  00D2
sprintf@f                      cstackBANK0  0054
sprintf@flag                   cstackBANK1  00C8
sprintf@fval                   cstackBANK1  00D7
sprintf@prec                   cstackBANK1  00D4
sprintf@sp                     cstackBANK1  00D6
sprintf@tmpval                 cstackBANK1  00CE
sprintf@val                    cstackBANK1  00CA
stackhi                        (abs)        0000
stacklo                        (abs)        0000
start                          init         000C
start_initialization           cinit        000F
ttemp                          (abs)        007E
ttemp0                         (abs)        007E
ttemp1                         (abs)        0081
ttemp2                         (abs)        0084
ttemp3                         (abs)        0087
ttemp4                         (abs)        007F
writeByteSHT71@cmd             cstackCOMMON 0073
writeByteSHT71@error           cstackCOMMON 0074
writeByteSHT71@i               cstackCOMMON 0075
writeDS18B20@Cmd               cstackCOMMON 0073
writeDS18B20@i                 cstackCOMMON 0074
wtemp                          (abs)        007E
wtemp0                         (abs)        007E
wtemp1                         (abs)        0080
wtemp2                         (abs)        0082
wtemp3                         (abs)        0084
wtemp4                         (abs)        0086
wtemp5                         (abs)        0088
wtemp6                         (abs)        007F


FUNCTION INFORMATION:

 *************** function _main *****************
 Defined at:
		line 458 in file "main.c"
 Parameters:    Size  Location     Type
		None
 Auto vars:     Size  Location     Type
		None
 Return value:  Size  Location     Type
		None               void
 Registers used:
		wreg, fsr0l, fsr0h, status,2, status,0, btemp+1, pclath, cstack
 Tracked objects:
		On entry : 
		On exit  : 
		Unchanged: 
 Data sizes:     COMMON   BANK0   BANK1   BANK3   BANK2
      Params:         0       0       0       0       0
      Locals:         0       0       0       0       0
      Temps:          0       0       3       0       0
      Totals:         0       0       3       0       0
Total ram usage:        3 bytes
 Hardware stack levels required when called:    8
 This function calls:
		_IOPinsConfig
		_IOPinsInit
		_LcdInit
		_UARTInit
		_UARTWriteString
		_adcInit
		_displayAirMoist
		_displayAirTemp
		_displayCO2
		_displaySoilTemp
		_getResSHT71
		_getTempDS18B20
		_initSHT71
		_initTimer0
		_initTimer1
		_initWDT
		_measureTGS4161
		_menu
		_regulacija
		_resetDS18B20
		_resetValues
 This function is called by:
		Startup code after reset
 This function uses a non-reentrant model


 *************** function _resetValues *****************
 Defined at:
		line 176 in file "main.c"
 Parameters:    Size  Location     Type
		None
 Auto vars:     Size  Location     Type
		None
 Return value:  Size  Location     Type
		None               void
 Registers used:
		status,2
 Tracked objects:
		On entry : 
		On exit  : 
		Unchanged: 
 Data sizes:     COMMON   BANK0   BANK1   BANK3   BANK2
      Params:         0       0       0       0       0
      Locals:         0       0       0       0       0
      Temps:          0       0       0       0       0
      Totals:         0       0       0       0       0
Total ram usage:        0 bytes
 Hardware stack levels used:    1
 Hardware stack levels required when called:    1
 This function calls:
		Nothing
 This function is called by:
		_main
 This function uses a non-reentrant model


 *************** function _regulacija *****************
 Defined at:
		line 215 in file "main.c"
 Parameters:    Size  Location     Type
		None
 Auto vars:     Size  Location     Type
		None
 Return value:  Size  Location     Type
		None               void
 Registers used:
		wreg, fsr0l, fsr0h, status,2, status,0, pclath, cstack
 Tracked objects:
		On entry : 
		On exit  : 
		Unchanged: 
 Data sizes:     COMMON   BANK0   BANK1   BANK3   BANK2
      Params:         0       0       0       0       0
      Locals:         0       0       0       0       0
      Temps:          0       2       0       0       0
      Totals:         0       2       0       0       0
Total ram usage:        2 bytes
 Hardware stack levels used:    1
 Hardware stack levels required when called:    3
 This function calls:
		___eetoft
		___eetoi
		___ftadd
		___ftge
 This function is called by:
		_main
 This function uses a non-reentrant model


 *************** function _menu *****************
 Defined at:
		line 392 in file "main.c"
 Parameters:    Size  Location     Type
		None
 Auto vars:     Size  Location     Type
		None
 Return value:  Size  Location     Type
		None               void
 Registers used:
		wreg, fsr0l, fsr0h, status,2, status,0, btemp+1, pclath, cstack
 Tracked objects:
		On entry : 
		On exit  : 
		Unchanged: 
 Data sizes:     COMMON   BANK0   BANK1   BANK3   BANK2
      Params:         0       0       0       0       0
      Locals:         0       0       0       0       0
      Temps:          0       0       0       0       0
      Totals:         0       0       0       0       0
Total ram usage:        0 bytes
 Hardware stack levels used:    1
 Hardware stack levels required when called:    7
 This function calls:
		_LcdSetCursor
		_LcdWriteString
		___eetoft
		___ftadd
		___ftge
		___fttoee
		_manage_buttons
		_menuHumi
		_sprintf
 This function is called by:
		_main
 This function uses a non-reentrant model


 *************** function _menuHumi *****************
 Defined at:
		line 345 in file "main.c"
 Parameters:    Size  Location     Type
		None
 Auto vars:     Size  Location     Type
		None
 Return value:  Size  Location     Type
		None               void
 Registers used:
		wreg, fsr0l, fsr0h, status,2, status,0, btemp+1, pclath, cstack
 Tracked objects:
		On entry : 
		On exit  : 
		Unchanged: 
 Data sizes:     COMMON   BANK0   BANK1   BANK3   BANK2
      Params:         0       0       0       0       0
      Locals:         0       0       0       0       0
      Temps:          0       0       0       0       0
      Totals:         0       0       0       0       0
Total ram usage:        0 bytes
 Hardware stack levels used:    1
 Hardware stack levels required when called:    6
 This function calls:
		_LcdSetCursor
		_LcdWriteString
		___eetoft
		___ftadd
		___ftge
		___fttoee
		_manage_buttons
		_menuCO2
		_sprintf
 This function is called by:
		_menu
 This function uses a non-reentrant model


 *************** function _menuCO2 *****************
 Defined at:
		line 301 in file "main.c"
 Parameters:    Size  Location     Type
		None
 Auto vars:     Size  Location     Type
		None
 Return value:  Size  Location     Type
		None               void
 Registers used:
		wreg, fsr0l, fsr0h, status,2, status,0, btemp+1, pclath, cstack
 Tracked objects:
		On entry : 
		On exit  : 
		Unchanged: 
 Data sizes:     COMMON   BANK0   BANK1   BANK3   BANK2
      Params:         0       0       0       0       0
      Locals:         0       0       0       0       0
      Temps:          0       0       0       0       0
      Totals:         0       0       0       0       0
Total ram usage:        0 bytes
 Hardware stack levels used:    1
 Hardware stack levels required when called:    5
 This function calls:
		_LcdSetCursor
		_LcdWriteInt
		_LcdWriteString
		___eetoi
		___itoee
		_manage_buttons
 This function is called by:
		_menuHumi
 This function uses a non-reentrant model


 *************** function _manage_buttons *****************
 Defined at:
		line 276 in file "main.c"
 Parameters:    Size  Location     Type
		None
 Auto vars:     Size  Location     Type
		None
 Return value:  Size  Location     Type
		None               void
 Registers used:
		wreg
 Tracked objects:
		On entry : 
		On exit  : 
		Unchanged: 
 Data sizes:     COMMON   BANK0   BANK1   BANK3   BANK2
      Params:         0       0       0       0       0
      Locals:         0       0       0       0       0
      Temps:          3       0       0       0       0
      Totals:         3       0       0       0       0
Total ram usage:        3 bytes
 Hardware stack levels used:    1
 Hardware stack levels required when called:    1
 This function calls:
		Nothing
 This function is called by:
		_menuCO2
		_menuHumi
		_menu
 This function uses a non-reentrant model


 *************** function ___itoee *****************
 Defined at:
		line 87 in file "C:\Program Files\Microchip\xc8\v1.35\sources\pic\eeprom.c"
 Parameters:    Size  Location     Type
  addr            1    wreg     PTR eeprom void 
		 -> zeljena_co2(2), 
  data            2    3[BANK0 ] unsigned int 
 Auto vars:     Size  Location     Type
  addr            1    9[COMMON] PTR eeprom void 
		 -> zeljena_co2(2), 
 Return value:  Size  Location     Type
                  2    3[BANK0 ] unsigned int 
 Registers used:
		wreg, fsr0l, fsr0h, status,2, status,0, pclath, cstack
 Tracked objects:
		On entry : 
		On exit  : 
		Unchanged: 
 Data sizes:     COMMON   BANK0   BANK1   BANK3   BANK2
      Params:         0       2       0       0       0
      Locals:         1       0       0       0       0
      Temps:          0       0       0       0       0
      Totals:         1       2       0       0       0
Total ram usage:        3 bytes
 Hardware stack levels used:    1
 Hardware stack levels required when called:    2
 This function calls:
		_memcpyee
 This function is called by:
		_menuCO2
 This function uses a non-reentrant model


 *************** function ___eetoi *****************
 Defined at:
		line 56 in file "C:\Program Files\Microchip\xc8\v1.35\sources\pic\eeprom.c"
 Parameters:    Size  Location     Type
  addr            1    wreg     PTR eeprom void 
		 -> zeljena_co2(2), 
 Auto vars:     Size  Location     Type
  addr            1    2[BANK0 ] PTR eeprom void 
		 -> zeljena_co2(2), 
  data            2    0[BANK0 ] unsigned int 
 Return value:  Size  Location     Type
                  2    6[COMMON] unsigned int 
 Registers used:
		wreg, fsr0l, fsr0h, status,2, status,0, pclath, cstack
 Tracked objects:
		On entry : 
		On exit  : 
		Unchanged: 
 Data sizes:     COMMON   BANK0   BANK1   BANK3   BANK2
      Params:         3       0       0       0       0
      Locals:         0       3       0       0       0
      Temps:          0       0       0       0       0
      Totals:         3       3       0       0       0
Total ram usage:        6 bytes
 Hardware stack levels used:    1
 Hardware stack levels required when called:    2
 This function calls:
		_eecpymem
 This function is called by:
		_regulacija
		_menuCO2
 This function uses a non-reentrant model


 *************** function ___fttoee *****************
 Defined at:
		line 124 in file "C:\Program Files\Microchip\xc8\v1.35\sources\pic\eeprom.c"
 Parameters:    Size  Location     Type
  addr            1    wreg     PTR eeprom void 
		 -> zeljena_vlaznost(3), zeljena_temperatura(3), 
  data            3   46[BANK0 ] float 
 Auto vars:     Size  Location     Type
  addr            1   49[BANK0 ] PTR eeprom void 
		 -> zeljena_vlaznost(3), zeljena_temperatura(3), 
 Return value:  Size  Location     Type
                  3   46[BANK0 ] float 
 Registers used:
		wreg, fsr0l, fsr0h, status,2, status,0, pclath, cstack
 Tracked objects:
		On entry : 
		On exit  : 
		Unchanged: 
 Data sizes:     COMMON   BANK0   BANK1   BANK3   BANK2
      Params:         0       3       0       0       0
      Locals:         0       1       0       0       0
      Temps:          0       0       0       0       0
      Totals:         0       4       0       0       0
Total ram usage:        4 bytes
 Hardware stack levels used:    1
 Hardware stack levels required when called:    2
 This function calls:
		_memcpyee
 This function is called by:
		_menuHumi
		_menu
 This function uses a non-reentrant model


 *************** function _memcpyee *****************
 Defined at:
		line 24 in file "C:\Program Files\Microchip\xc8\v1.35\sources\pic\eeprom.c"
 Parameters:    Size  Location     Type
  to              1    wreg     PTR eeprom unsigned char
		 -> zeljena_co2(2), zeljena_vlaznost(3), zeljena_temperatura(3), 
  from            1    2[COMMON] PTR const unsigned char 
		 -> __fltoee@data(3), __fttoee@data(3), __ltoee@data(4), __mtoee@data(3), 
		 -> __itoee@data(2), __ctoee@data(1), 
  size            1    3[COMMON] unsigned char 
 Auto vars:     Size  Location     Type
  to              1    5[COMMON] PTR eeprom unsigned char
		 -> zeljena_co2(2), zeljena_vlaznost(3), zeljena_temperatura(3), 
  ptr             1    4[COMMON] PTR const unsigned char 
		 -> __fltoee@data(3), __fttoee@data(3), __ltoee@data(4), __mtoee@data(3), 
		 -> __itoee@data(2), __ctoee@data(1), 
 Return value:  Size  Location     Type
		None               void
 Registers used:
		wreg, fsr0l, fsr0h, status,2, status,0
 Tracked objects:
		On entry : 
		On exit  : 
		Unchanged: 
 Data sizes:     COMMON   BANK0   BANK1   BANK3   BANK2
      Params:         2       0       0       0       0
      Locals:         2       0       0       0       0
      Temps:          0       0       0       0       0
      Totals:         4       0       0       0       0
Total ram usage:        4 bytes
 Hardware stack levels used:    1
 Hardware stack levels required when called:    1
 This function calls:
		Nothing
 This function is called by:
		___itoee
		___fttoee
 This function uses a non-reentrant model


 *************** function ___eetoft *****************
 Defined at:
		line 108 in file "C:\Program Files\Microchip\xc8\v1.35\sources\pic\eeprom.c"
 Parameters:    Size  Location     Type
  addr            1    wreg     PTR eeprom void 
		 -> zeljena_vlaznost(3), zeljena_temperatura(3), 
 Auto vars:     Size  Location     Type
  addr            1    3[BANK0 ] PTR eeprom void 
		 -> zeljena_vlaznost(3), zeljena_temperatura(3), 
  data            3    0[BANK0 ] float 
 Return value:  Size  Location     Type
                  3    6[COMMON] float 
 Registers used:
		wreg, fsr0l, fsr0h, status,2, status,0, pclath, cstack
 Tracked objects:
		On entry : 
		On exit  : 
		Unchanged: 
 Data sizes:     COMMON   BANK0   BANK1   BANK3   BANK2
      Params:         4       0       0       0       0
      Locals:         0       4       0       0       0
      Temps:          0       0       0       0       0
      Totals:         4       4       0       0       0
Total ram usage:        8 bytes
 Hardware stack levels used:    1
 Hardware stack levels required when called:    2
 This function calls:
		_eecpymem
 This function is called by:
		_regulacija
		_menuHumi
		_menu
 This function uses a non-reentrant model


 *************** function _eecpymem *****************
 Defined at:
		line 6 in file "C:\Program Files\Microchip\xc8\v1.35\sources\pic\eeprom.c"
 Parameters:    Size  Location     Type
  to              1    wreg     PTR volatile unsigned ch
		 -> __eetofl@data(3), __eetoft@data(3), __eetol@data(4), __eetom@data(3), 
		 -> __eetoi@data(2), __eetoc@data(1), 
  from            1    2[COMMON] PTR eeprom unsigned char
		 -> zeljena_co2(2), zeljena_vlaznost(3), zeljena_temperatura(3), 
  size            1    3[COMMON] unsigned char 
 Auto vars:     Size  Location     Type
  to              1    5[COMMON] PTR volatile unsigned ch
		 -> __eetofl@data(3), __eetoft@data(3), __eetol@data(4), __eetom@data(3), 
		 -> __eetoi@data(2), __eetoc@data(1), 
  cp              1    4[COMMON] PTR volatile unsigned ch
		 -> __eetofl@data(3), __eetoft@data(3), __eetol@data(4), __eetom@data(3), 
		 -> __eetoi@data(2), __eetoc@data(1), 
 Return value:  Size  Location     Type
		None               void
 Registers used:
		wreg, fsr0l, fsr0h, status,2, status,0
 Tracked objects:
		On entry : 
		On exit  : 
		Unchanged: 
 Data sizes:     COMMON   BANK0   BANK1   BANK3   BANK2
      Params:         2       0       0       0       0
      Locals:         2       0       0       0       0
      Temps:          0       0       0       0       0
      Totals:         4       0       0       0       0
Total ram usage:        4 bytes
 Hardware stack levels used:    1
 Hardware stack levels required when called:    1
 This function calls:
		Nothing
 This function is called by:
		___eetoi
		___eetoft
 This function uses a non-reentrant model


 *************** function _measureTGS4161 *****************
 Defined at:
		line 40 in file "tgs4161.c"
 Parameters:    Size  Location     Type
		None
 Auto vars:     Size  Location     Type
  ppm             2   27[BANK0 ] unsigned int 
  temp            2   25[BANK0 ] unsigned int 
  n               2   22[BANK0 ] unsigned short 
  ppm_temp        2   20[BANK0 ] unsigned int 
  krez2           2   18[BANK0 ] unsigned int 
  krez1           2   16[BANK0 ] unsigned int 
  i               1   24[BANK0 ] unsigned char 
 Return value:  Size  Location     Type
                  2   12[BANK0 ] unsigned int 
 Registers used:
		wreg, fsr0l, fsr0h, status,2, status,0, btemp+1, pclath, cstack
 Tracked objects:
		On entry : 
		On exit  : 
		Unchanged: 
 Data sizes:     COMMON   BANK0   BANK1   BANK3   BANK2
      Params:         0       2       0       0       0
      Locals:         0      13       0       0       0
      Temps:          0       2       0       0       0
      Totals:         0      17       0       0       0
Total ram usage:       17 bytes
 Hardware stack levels used:    1
 Hardware stack levels required when called:    4
 This function calls:
		___lwdiv
		___wmul
		_adcRead
 This function is called by:
		_main
 This function uses a non-reentrant model


 *************** function _adcRead *****************
 Defined at:
		line 13 in file "tgs4161.c"
 Parameters:    Size  Location     Type
		None
 Auto vars:     Size  Location     Type
  temp            2   10[BANK0 ] unsigned int 
  tempH           2    8[BANK0 ] unsigned short 
  tempL           2    6[BANK0 ] unsigned short 
  loop_count      2    4[BANK0 ] unsigned int 
 Return value:  Size  Location     Type
                  2    0[BANK0 ] unsigned int 
 Registers used:
		wreg, fsr0l, fsr0h, status,2, status,0, btemp+1, pclath, cstack
 Tracked objects:
		On entry : 
		On exit  : 
		Unchanged: 
 Data sizes:     COMMON   BANK0   BANK1   BANK3   BANK2
      Params:         0       2       0       0       0
      Locals:         0       8       0       0       0
      Temps:          0       2       0       0       0
      Totals:         0      12       0       0       0
Total ram usage:       12 bytes
 Hardware stack levels used:    1
 Hardware stack levels required when called:    3
 This function calls:
		_UARTWriteString
 This function is called by:
		_measureTGS4161
 This function uses a non-reentrant model


 *************** function _UARTWriteString *****************
 Defined at:
		line 46 in file "uart.c"
 Parameters:    Size  Location     Type
  str             2    3[COMMON] PTR unsigned char 
		 -> STR_30(9), STR_29(10), STR_28(10), STR_2(13), 
 Auto vars:     Size  Location     Type
  i               2    8[COMMON] int 
 Return value:  Size  Location     Type
		None               void
 Registers used:
		wreg, fsr0l, fsr0h, status,2, status,0, btemp+1, pclath, cstack
 Tracked objects:
		On entry : 
		On exit  : 
		Unchanged: 
 Data sizes:     COMMON   BANK0   BANK1   BANK3   BANK2
      Params:         2       0       0       0       0
      Locals:         2       0       0       0       0
      Temps:          3       0       0       0       0
      Totals:         7       0       0       0       0
Total ram usage:        7 bytes
 Hardware stack levels used:    1
 Hardware stack levels required when called:    2
 This function calls:
		_UARTWrite
 This function is called by:
		_adcRead
		_main
 This function uses a non-reentrant model


 *************** function _UARTWrite *****************
 Defined at:
		line 35 in file "uart.c"
 Parameters:    Size  Location     Type
  data            1    wreg     unsigned char 
 Auto vars:     Size  Location     Type
  data            1    2[COMMON] unsigned char 
 Return value:  Size  Location     Type
		None               void
 Registers used:
		wreg
 Tracked objects:
		On entry : 
		On exit  : 
		Unchanged: 
 Data sizes:     COMMON   BANK0   BANK1   BANK3   BANK2
      Params:         0       0       0       0       0
      Locals:         1       0       0       0       0
      Temps:          0       0       0       0       0
      Totals:         1       0       0       0       0
Total ram usage:        1 bytes
 Hardware stack levels used:    1
 Hardware stack levels required when called:    1
 This function calls:
		Nothing
 This function is called by:
		_UARTWriteString
 This function uses a non-reentrant model


 *************** function _initWDT *****************
 Defined at:
		line 108 in file "main.c"
 Parameters:    Size  Location     Type
		None
 Auto vars:     Size  Location     Type
		None
 Return value:  Size  Location     Type
		None               void
 Registers used:
		wreg, status,2, status,0
 Tracked objects:
		On entry : 
		On exit  : 
		Unchanged: 
 Data sizes:     COMMON   BANK0   BANK1   BANK3   BANK2
      Params:         0       0       0       0       0
      Locals:         0       0       0       0       0
      Temps:          0       0       0       0       0
      Totals:         0       0       0       0       0
Total ram usage:        0 bytes
 Hardware stack levels used:    1
 Hardware stack levels required when called:    1
 This function calls:
		Nothing
 This function is called by:
		_main
 This function uses a non-reentrant model


 *************** function _initTimer1 *****************
 Defined at:
		line 205 in file "main.c"
 Parameters:    Size  Location     Type
		None
 Auto vars:     Size  Location     Type
		None
 Return value:  Size  Location     Type
		None               void
 Registers used:
		wreg, status,2, status,0
 Tracked objects:
		On entry : 
		On exit  : 
		Unchanged: 
 Data sizes:     COMMON   BANK0   BANK1   BANK3   BANK2
      Params:         0       0       0       0       0
      Locals:         0       0       0       0       0
      Temps:          0       0       0       0       0
      Totals:         0       0       0       0       0
Total ram usage:        0 bytes
 Hardware stack levels used:    1
 Hardware stack levels required when called:    1
 This function calls:
		Nothing
 This function is called by:
		_main
 This function uses a non-reentrant model


 *************** function _initTimer0 *****************
 Defined at:
		line 196 in file "main.c"
 Parameters:    Size  Location     Type
		None
 Auto vars:     Size  Location     Type
		None
 Return value:  Size  Location     Type
		None               void
 Registers used:
		wreg, status,2, status,0
 Tracked objects:
		On entry : 
		On exit  : 
		Unchanged: 
 Data sizes:     COMMON   BANK0   BANK1   BANK3   BANK2
      Params:         0       0       0       0       0
      Locals:         0       0       0       0       0
      Temps:          0       0       0       0       0
      Totals:         0       0       0       0       0
Total ram usage:        0 bytes
 Hardware stack levels used:    1
 Hardware stack levels required when called:    1
 This function calls:
		Nothing
 This function is called by:
		_main
 This function uses a non-reentrant model


 *************** function _initSHT71 *****************
 Defined at:
		line 10 in file "sht71.c"
 Parameters:    Size  Location     Type
		None
 Auto vars:     Size  Location     Type
		None
 Return value:  Size  Location     Type
		None               void
 Registers used:
		None
 Tracked objects:
		On entry : 
		On exit  : 
		Unchanged: 
 Data sizes:     COMMON   BANK0   BANK1   BANK3   BANK2
      Params:         0       0       0       0       0
      Locals:         0       0       0       0       0
      Temps:          0       0       0       0       0
      Totals:         0       0       0       0       0
Total ram usage:        0 bytes
 Hardware stack levels used:    1
 Hardware stack levels required when called:    1
 This function calls:
		Nothing
 This function is called by:
		_main
 This function uses a non-reentrant model


 *************** function _getTempDS18B20 *****************
 Defined at:
		line 69 in file "ds18b20.c"
 Parameters:    Size  Location     Type
		None
 Auto vars:     Size  Location     Type
  temperatura     3   52[BANK0 ] float 
  temp            2   59[BANK0 ] unsigned int 
  tempH           2   57[BANK0 ] unsigned short 
  tempL           2   55[BANK0 ] unsigned short 
 Return value:  Size  Location     Type
                  3   46[BANK0 ] float 
 Registers used:
		wreg, status,2, status,0, pclath, cstack
 Tracked objects:
		On entry : 
		On exit  : 
		Unchanged: 
 Data sizes:     COMMON   BANK0   BANK1   BANK3   BANK2
      Params:         0       3       0       0       0
      Locals:         0       9       0       0       0
      Temps:          0       3       0       0       0
      Totals:         0      15       0       0       0
Total ram usage:       15 bytes
 Hardware stack levels used:    1
 Hardware stack levels required when called:    3
 This function calls:
		___ftadd
		___ftmul
		___lwtoft
		_readDS18B20
		_resetDS18B20
		_writeDS18B20
 This function is called by:
		_main
 This function uses a non-reentrant model


 *************** function _writeDS18B20 *****************
 Defined at:
		line 25 in file "ds18b20.c"
 Parameters:    Size  Location     Type
  Cmd             1    wreg     unsigned char 
 Auto vars:     Size  Location     Type
  Cmd             1    3[COMMON] unsigned char 
  i               1    4[COMMON] unsigned char 
 Return value:  Size  Location     Type
		None               void
 Registers used:
		wreg, status,2, status,0
 Tracked objects:
		On entry : 
		On exit  : 
		Unchanged: 
 Data sizes:     COMMON   BANK0   BANK1   BANK3   BANK2
      Params:         0       0       0       0       0
      Locals:         2       0       0       0       0
      Temps:          1       0       0       0       0
      Totals:         3       0       0       0       0
Total ram usage:        3 bytes
 Hardware stack levels used:    1
 Hardware stack levels required when called:    1
 This function calls:
		Nothing
 This function is called by:
		_getTempDS18B20
 This function uses a non-reentrant model


 *************** function _resetDS18B20 *****************
 Defined at:
		line 6 in file "ds18b20.c"
 Parameters:    Size  Location     Type
		None
 Auto vars:     Size  Location     Type
		None
 Return value:  Size  Location     Type
                  1    wreg      unsigned char 
 Registers used:
		wreg
 Tracked objects:
		On entry : 
		On exit  : 
		Unchanged: 
 Data sizes:     COMMON   BANK0   BANK1   BANK3   BANK2
      Params:         0       0       0       0       0
      Locals:         0       0       0       0       0
      Temps:          1       0       0       0       0
      Totals:         1       0       0       0       0
Total ram usage:        1 bytes
 Hardware stack levels used:    1
 Hardware stack levels required when called:    1
 This function calls:
		Nothing
 This function is called by:
		_getTempDS18B20
		_main
 This function uses a non-reentrant model


 *************** function _readDS18B20 *****************
 Defined at:
		line 50 in file "ds18b20.c"
 Parameters:    Size  Location     Type
		None
 Auto vars:     Size  Location     Type
  i               1    4[COMMON] unsigned char 
  result          1    3[COMMON] unsigned char 
 Return value:  Size  Location     Type
                  1    wreg      unsigned char 
 Registers used:
		wreg, status,2, status,0
 Tracked objects:
		On entry : 
		On exit  : 
		Unchanged: 
 Data sizes:     COMMON   BANK0   BANK1   BANK3   BANK2
      Params:         0       0       0       0       0
      Locals:         2       0       0       0       0
      Temps:          1       0       0       0       0
      Totals:         3       0       0       0       0
Total ram usage:        3 bytes
 Hardware stack levels used:    1
 Hardware stack levels required when called:    1
 This function calls:
		Nothing
 This function is called by:
		_getTempDS18B20
 This function uses a non-reentrant model


 *************** function _getResSHT71 *****************
 Defined at:
		line 226 in file "sht71.c"
 Parameters:    Size  Location     Type
  p_temp          1    wreg     PTR float 
		 -> temp(3), 
  p_humi          1   77[BANK0 ] PTR float 
		 -> humi(3), 
 Auto vars:     Size  Location     Type
  p_temp          1    4[BANK1 ] PTR float 
		 -> temp(3), 
  temp_val        3   10[BANK1 ] struct .
  humi_val        3    6[BANK1 ] struct .
  checksum        1    9[BANK1 ] unsigned char 
  error           1    5[BANK1 ] unsigned char 
  inp             1    3[BANK1 ] unsigned char 
 Return value:  Size  Location     Type
[...]
		wreg, status,2, status,0, pclath, cstack
 Tracked objects:
		On entry : 
		On exit  : 
		Unchanged: 
 Data sizes:     COMMON   BANK0   BANK1   BANK3   BANK2
      Params:         0       0       0       0       0
      Locals:         3       0       0       0       0
      Temps:          1       0       0       0       0
      Totals:         4       0       0       0       0
Total ram usage:        4 bytes
 Hardware stack levels used:    1
 Hardware stack levels required when called:    2
 This function calls:
		_LcdPort
 This function is called by:
		_LcdWriteString
		_LcdWriteInt
 This function uses a non-reentrant model


 *************** function _LcdSetCursor *****************
 Defined at:
		line 45 in file "lcd.c"
 Parameters:    Size  Location     Type
  a               1    wreg     unsigned char 
  b               1    6[COMMON] unsigned char 
 Auto vars:     Size  Location     Type
  a               1    0[BANK0 ] unsigned char 
  temp            1    3[BANK0 ] unsigned char 
  y               1    2[BANK0 ] unsigned char 
  z               1    1[BANK0 ] unsigned char 
 Return value:  Size  Location     Type
		None               void
 Registers used:
		wreg, status,2, status,0, pclath, cstack
 Tracked objects:
		On entry : 
		On exit  : 
		Unchanged: 
 Data sizes:     COMMON   BANK0   BANK1   BANK3   BANK2
      Params:         1       0       0       0       0
      Locals:         0       4       0       0       0
      Temps:          0       0       0       0       0
      Totals:         1       4       0       0       0
Total ram usage:        5 bytes
 Hardware stack levels used:    1
 Hardware stack levels required when called:    3
 This function calls:
		_LcdCmd
 This function is called by:
		_LcdWriteInt
		_getResSHT71
		_displayAirTemp
		_displayAirMoist
		_displayCO2
		_displaySoilTemp
		_menuCO2
		_menuHumi
		_menu
 This function uses a non-reentrant model


 *************** function _adcInit *****************
 Defined at:
		line 5 in file "tgs4161.c"
 Parameters:    Size  Location     Type
		None
 Auto vars:     Size  Location     Type
		None
 Return value:  Size  Location     Type
		None               void
 Registers used:
		status,2
 Tracked objects:
		On entry : 
		On exit  : 
		Unchanged: 
 Data sizes:     COMMON   BANK0   BANK1   BANK3   BANK2
      Params:         0       0       0       0       0
      Locals:         0       0       0       0       0
      Temps:          0       0       0       0       0
      Totals:         0       0       0       0       0
Total ram usage:        0 bytes
 Hardware stack levels used:    1
 Hardware stack levels required when called:    1
 This function calls:
		Nothing
 This function is called by:
		_main
 This function uses a non-reentrant model


 *************** function _UARTInit *****************
 Defined at:
		line 4 in file "uart.c"
 Parameters:    Size  Location     Type
  baud_rate       4    5[BANK0 ] const unsigned long 
 Auto vars:     Size  Location     Type
  x               2   14[BANK0 ] unsigned int 
  k               1    0        unsigned char 
 Return value:  Size  Location     Type
                  1    wreg      unsigned char 
 Registers used:
		wreg, status,2, status,0, pclath, cstack
 Tracked objects:
		On entry : 
		On exit  : 
		Unchanged: 
 Data sizes:     COMMON   BANK0   BANK1   BANK3   BANK2
      Params:         0       4       0       0       0
      Locals:         0       7       0       0       0
      Temps:          0       0       0       0       0
      Totals:         0      11       0       0       0
Total ram usage:       11 bytes
 Hardware stack levels used:    1
 Hardware stack levels required when called:    2
 This function calls:
		___lldiv
 This function is called by:
		_main
 This function uses a non-reentrant model


 *************** function ___lldiv *****************
 Defined at:
		line 6 in file "C:\Program Files\Microchip\xc8\v1.35\sources\common\lldiv.c"
 Parameters:    Size  Location     Type
  divisor         4    2[COMMON] unsigned long 
  dividend        4    6[COMMON] unsigned long 
 Auto vars:     Size  Location     Type
  quotient        4    0[BANK0 ] unsigned long 
  counter         1    4[BANK0 ] unsigned char 
 Return value:  Size  Location     Type
                  4    2[COMMON] unsigned long 
 Registers used:
		wreg, status,2, status,0
 Tracked objects:
		On entry : 
		On exit  : 
		Unchanged: 
 Data sizes:     COMMON   BANK0   BANK1   BANK3   BANK2
      Params:         8       0       0       0       0
      Locals:         0       5       0       0       0
      Temps:          0       0       0       0       0
      Totals:         8       5       0       0       0
Total ram usage:       13 bytes
 Hardware stack levels used:    1
 Hardware stack levels required when called:    1
 This function calls:
		Nothing
 This function is called by:
		_UARTInit
		_sprintf
 This function uses a non-reentrant model


 *************** function _LcdInit *****************
 Defined at:
		line 66 in file "lcd.c"
 Parameters:    Size  Location     Type
		None
 Auto vars:     Size  Location     Type
		None
 Return value:  Size  Location     Type
		None               void
 Registers used:
		wreg, status,2, status,0, pclath, cstack
 Tracked objects:
		On entry : 
		On exit  : 
		Unchanged: 
 Data sizes:     COMMON   BANK0   BANK1   BANK3   BANK2
      Params:         0       0       0       0       0
      Locals:         0       0       0       0       0
      Temps:          2       0       0       0       0
      Totals:         2       0       0       0       0
Total ram usage:        2 bytes
 Hardware stack levels used:    1
 Hardware stack levels required when called:    3
 This function calls:
		_LcdCmd
		_LcdPort
 This function is called by:
		_main
 This function uses a non-reentrant model


 *************** function _LcdCmd *****************
 Defined at:
		line 30 in file "lcd.c"
 Parameters:    Size  Location     Type
  a               1    wreg     unsigned char 
 Auto vars:     Size  Location     Type
  a               1    5[COMMON] unsigned char 
 Return value:  Size  Location     Type
		None               void
 Registers used:
		wreg, status,2, status,0, pclath, cstack
 Tracked objects:
		On entry : 
		On exit  : 
		Unchanged: 
 Data sizes:     COMMON   BANK0   BANK1   BANK3   BANK2
      Params:         0       0       0       0       0
      Locals:         1       0       0       0       0
      Temps:          2       0       0       0       0
      Totals:         3       0       0       0       0
Total ram usage:        3 bytes
 Hardware stack levels used:    1
 Hardware stack levels required when called:    2
 This function calls:
		_LcdPort
 This function is called by:
		_LcdSetCursor
		_LcdInit
 This function uses a non-reentrant model


 *************** function _LcdPort *****************
 Defined at:
		line 8 in file "lcd.c"
 Parameters:    Size  Location     Type
  a               1    wreg     unsigned char 
 Auto vars:     Size  Location     Type
  a               1    2[COMMON] unsigned char 
 Return value:  Size  Location     Type
		None               void
 Registers used:
		wreg
 Tracked objects:
		On entry : 
		On exit  : 
		Unchanged: 
 Data sizes:     COMMON   BANK0   BANK1   BANK3   BANK2
      Params:         0       0       0       0       0
      Locals:         1       0       0       0       0
      Temps:          0       0       0       0       0
      Totals:         1       0       0       0       0
Total ram usage:        1 bytes
 Hardware stack levels used:    1
 Hardware stack levels required when called:    1
 This function calls:
		Nothing
 This function is called by:
		_LcdCmd
		_LcdInit
		_LcdWriteChar
 This function uses a non-reentrant model


 *************** function _IOPinsInit *****************
 Defined at:
		line 122 in file "main.c"
 Parameters:    Size  Location     Type
		None
 Auto vars:     Size  Location     Type
		None
 Return value:  Size  Location     Type
		None               void
 Registers used:
		None
 Tracked objects:
		On entry : 
		On exit  : 
		Unchanged: 
 Data sizes:     COMMON   BANK0   BANK1   BANK3   BANK2
      Params:         0       0       0       0       0
      Locals:         0       0       0       0       0
      Temps:          0       0       0       0       0
      Totals:         0       0       0       0       0
Total ram usage:        0 bytes
 Hardware stack levels used:    1
 Hardware stack levels required when called:    1
 This function calls:
		Nothing
 This function is called by:
		_main
 This function uses a non-reentrant model


 *************** function _IOPinsConfig *****************
 Defined at:
		line 114 in file "main.c"
 Parameters:    Size  Location     Type
		None
 Auto vars:     Size  Location     Type
		None
 Return value:  Size  Location     Type
		None               void
 Registers used:
		wreg, status,2, status,0
 Tracked objects:
		On entry : 
		On exit  : 
		Unchanged: 
 Data sizes:     COMMON   BANK0   BANK1   BANK3   BANK2
      Params:         0       0       0       0       0
      Locals:         0       0       0       0       0
      Temps:          0       0       0       0       0
      Totals:         0       0       0       0       0
Total ram usage:        0 bytes
 Hardware stack levels used:    1
 Hardware stack levels required when called:    1
 This function calls:
		Nothing
 This function is called by:
		_main
 This function uses a non-reentrant model


 *************** function _isr *****************
 Defined at:
		line 70 in file "main.c"
 Parameters:    Size  Location     Type
		None
 Auto vars:     Size  Location     Type
		None
 Return value:  Size  Location     Type
		None               void
 Registers used:
		wreg, status,2, status,0
 Tracked objects:
		On entry : 
		On exit  : 
		Unchanged: 
 Data sizes:     COMMON   BANK0   BANK1   BANK3   BANK2
      Params:         0       0       0       0       0
      Locals:         0       0       0       0       0
      Temps:          2       0       0       0       0
      Totals:         2       0       0       0       0
Total ram usage:        2 bytes
 Hardware stack levels used:    1
 This function calls:
		Nothing
 This function is called by:
		Interrupt level 1
 This function uses a non-reentrant model



MODULE INFORMATION

Module		Function		Class		Link	Load	Size
C:\Program Files\Microchip\xc8\v1.35\sources\common\ftge.c
		___ftge        		CODE           	048B	0000	45

C:\Program Files\Microchip\xc8\v1.35\sources\common\ftge.c estimated size: 45

C:\Program Files\Microchip\xc8\v1.35\sources\common\ftneg.c
		___ftneg       		CODE           	05B3	0000	9

C:\Program Files\Microchip\xc8\v1.35\sources\common\ftneg.c estimated size: 9

C:\Program Files\Microchip\xc8\v1.35\sources\common\doprnt.c
		_scale         		CODE           	148E	0000	411
		_sprintf       		CODE           	00A6	0000	998
		_fround        		CODE           	1E9D	0000	252

C:\Program Files\Microchip\xc8\v1.35\sources\common\doprnt.c estimated size: 1661

C:\Program Files\Microchip\xc8\v1.35\sources\common\lwtoft.c
		___lwtoft      		CODE           	1247	0000	17

C:\Program Files\Microchip\xc8\v1.35\sources\common\lwtoft.c estimated size: 17

C:\Program Files\Microchip\xc8\v1.35\sources\common\lltoft.c
		___lltoft      		CODE           	0698	0000	33

C:\Program Files\Microchip\xc8\v1.35\sources\common\lltoft.c estimated size: 33

C:\Program Files\Microchip\xc8\v1.35\sources\common\ftsub.c
		___ftsub       		CODE           	067D	0000	28

C:\Program Files\Microchip\xc8\v1.35\sources\common\ftsub.c estimated size: 28

C:\Program Files\Microchip\xc8\v1.35\sources\common\float.c
		___ftpack      		CODE           	1725	0000	67

C:\Program Files\Microchip\xc8\v1.35\sources\common\float.c estimated size: 67

uart.c
		_UARTWriteString		CODE           	1D12	0000	25
		_UARTWrite     		CODE           	1D2A	0000	9
		_UARTInit      		CODE           	001C	0000	102

uart.c estimated size: 136

C:\Program Files\Microchip\xc8\v1.35\sources\common\isdigit.c
		_isdigit       		CODE           	0730	0000	15

C:\Program Files\Microchip\xc8\v1.35\sources\common\isdigit.c estimated size: 15

C:\Program Files\Microchip\xc8\v1.35\sources\common\awmod.c
		___awmod       		CODE           	166D	0000	62

C:\Program Files\Microchip\xc8\v1.35\sources\common\awmod.c estimated size: 62

sht71.c
		_readByteSHT71 		CODE           	12D9	0000	49
		_connectionResetSHT71		CODE           	1363	0000	24
		_calcSHT71     		CODE           	137A	0000	277
		_measureSHT71  		CODE           	1257	0000	131
		_getResSHT71   		CODE           	11AA	0000	158
		_tranStartSHT71		CODE           	1309	0000	43
		_readStatusRegSHT71		CODE           	1191	0000	26
		_writeByteSHT71		CODE           	1333	0000	49
		_initSHT71     		CODE           	0822	0000	5

sht71.c estimated size: 762

C:\Program Files\Microchip\xc8\v1.35\sources\common\llmod.c
		___llmod       		CODE           	0512	0000	64

C:\Program Files\Microchip\xc8\v1.35\sources\common\llmod.c estimated size: 64

C:\Program Files\Microchip\xc8\v1.35\sources\common\ftdivl.c
		__tdiv_to_l_   		CODE           	06B8	0000	121

C:\Program Files\Microchip\xc8\v1.35\sources\common\ftdivl.c estimated size: 121

C:\Program Files\Microchip\xc8\v1.35\sources\common\Umul16.c
		___wmul        		CODE           	059A	0000	26

C:\Program Files\Microchip\xc8\v1.35\sources\common\Umul16.c estimated size: 26

C:\Program Files\Microchip\xc8\v1.35\sources\common\ftmul.c
		___ftmul       		CODE           	16AA	0000	110

C:\Program Files\Microchip\xc8\v1.35\sources\common\ftmul.c estimated size: 110

C:\Program Files\Microchip\xc8\v1.35\sources\common\lwdiv.c
		___lwdiv       		CODE           	0EF2	0000	43

C:\Program Files\Microchip\xc8\v1.35\sources\common\lwdiv.c estimated size: 43

C:\Program Files\Microchip\xc8\v1.35\sources\common\awdiv.c
		___awdiv       		CODE           	1628	0000	70

C:\Program Files\Microchip\xc8\v1.35\sources\common\awdiv.c estimated size: 70

C:\Program Files\Microchip\xc8\v1.35\sources\pic\eeprom.c
		_eecpymem      		CODE           	0E69	0000	29
		___fttoee      		CODE           	0EC6	0000	8
		___eetoft      		CODE           	0E4B	0000	17
		___eetoi       		CODE           	0E5B	0000	15
		___itoee       		CODE           	0B9A	0000	8
		_memcpyee      		CODE           	0F95	0000	44

C:\Program Files\Microchip\xc8\v1.35\sources\pic\eeprom.c estimated size: 121

C:\Program Files\Microchip\xc8\v1.35\sources\common\lbmod.c
		___lbmod       		CODE           	1FB3	0000	29

C:\Program Files\Microchip\xc8\v1.35\sources\common\lbmod.c estimated size: 29

shared
		PL12           		CODE           	0FC0	0000	18
		PL50           		CODE           	07B7	0000	12
		PL8            		CODE           	0755	0000	13
		PL22           		CODE           	0770	0000	15
		PL60           		CODE           	17C4	0000	8
		PL32           		CODE           	1FCF	0000	8
		PL70           		CODE           	17DB	0000	9
		PL42           		CODE           	07A0	0000	13
		PL80           		CODE           	07CA	0000	8
		PL14           		CODE           	0761	0000	16
		PL52           		CODE           	1FD6	0000	8
		PL90           		CODE           	17F9	0000	8
		PL24           		CODE           	0FDF	0000	14
		PL62           		CODE           	0FEC	0000	8
		__stringtab    		STRCODE        	1800	0000	19
		PL34           		CODE           	178A	0000	8
		PL72           		CODE           	1FE4	0000	9
		PL44           		CODE           	179E	0000	13
		PL82           		CODE           	07D1	0000	8
		PL16           		CODE           	0097	0000	16
		PL54           		CODE           	17B5	0000	9
		PL92           		CODE           	0FF9	0000	8
		PL26           		CODE           	077E	0000	14
		PL64           		CODE           	17CB	0000	9
		__powers_      		STRCODE        	1839	0000	40
		PL36           		CODE           	1791	0000	14
		PL74           		CODE           	17E3	0000	9
		PL46           		CODE           	07AC	0000	12
		PL84           		CODE           	1FEC	0000	8
		_dpowers       		STRCODE        	1860	0000	41
		PL18           		CODE           	1767	0000	15
		PL56           		CODE           	1FDD	0000	8
		PL94           		CODE           	07D8	0000	7
		PL28           		CODE           	1775	0000	9
		PL66           		CODE           	07C2	0000	9
		PL38           		CODE           	078B	0000	9
		PL76           		CODE           	0FF3	0000	7
		PL48           		CODE           	17AA	0000	12
		PL86           		CODE           	17F3	0000	7
		PL58           		CODE           	17BD	0000	8
		PL96           		CODE           	1D43	0000	7
		PL68           		CODE           	17D3	0000	9
		PL78           		CODE           	17EB	0000	9
		PL88           		CODE           	1FF3	0000	8
		PL98           		CODE           	1FFA	0000	7
		__npowers_     		STRCODE        	1812	0000	40
		__initialization		CODE           	000F	0000	10
		PL2            		CODE           	073E	0000	24
		PL10           		CODE           	1D32	0000	18
		PL4            		CODE           	0081	0000	23
		PL20           		CODE           	0FD1	0000	15
		PL30           		CODE           	177D	0000	14
		PL6            		CODE           	1C31	0000	14
		PL40           		CODE           	0793	0000	14

shared estimated size: 698

C:\Program Files\Microchip\xc8\v1.35\sources\common\lldiv.c
		___lldiv       		CODE           	0551	0000	74

C:\Program Files\Microchip\xc8\v1.35\sources\common\lldiv.c estimated size: 74

C:\Program Files\Microchip\xc8\v1.35\sources\common\Umul8.c
		___bmul        		CODE           	1717	0000	15

C:\Program Files\Microchip\xc8\v1.35\sources\common\Umul8.c estimated size: 15

ds18b20.c
		_writeDS18B20  		CODE           	1117	0000	49
		_readDS18B20   		CODE           	1147	0000	40
		_resetDS18B20  		CODE           	116E	0000	36
		_getTempDS18B20		CODE           	10AB	0000	109

ds18b20.c estimated size: 234

C:\Program Files\Microchip\xc8\v1.35\sources\common\fttol.c
		___fttol       		CODE           	04B7	0000	92

C:\Program Files\Microchip\xc8\v1.35\sources\common\fttol.c estimated size: 92

C:\Program Files\Microchip\xc8\v1.35\sources\common\fldivl.c
		__div_to_l_    		CODE           	1B73	0000	191

C:\Program Files\Microchip\xc8\v1.35\sources\common\fldivl.c estimated size: 191

lcd.c
		_LcdCmd        		CODE           	0F67	0000	23
		_LcdPort       		CODE           	0F7D	0000	25
		_LcdWriteInt   		CODE           	0BA1	0000	181
		_LcdWriteChar  		CODE           	0ECD	0000	38
		_LcdInit       		CODE           	0F1C	0000	76
		_LcdWriteString		CODE           	0EAE	0000	25
		_LcdSetCursor  		CODE           	0E85	0000	42

lcd.c estimated size: 410

tgs4161.c
		_adcRead       		CODE           	1CCB	0000	72
		_measureTGS4161		CODE           	1C3E	0000	142
		_adcInit       		CODE           	0852	0000	13

tgs4161.c estimated size: 227

C:\Program Files\Microchip\xc8\v1.35\sources\common\ftadd.c
		___ftadd       		CODE           	05BB	0000	195

C:\Program Files\Microchip\xc8\v1.35\sources\common\ftadd.c estimated size: 195

main.c
		_regulacija    		CODE           	0D66	0000	230
		_displayCO2    		CODE           	0927	0000	52
		_initWDT       		CODE           	082D	0000	8
		_menu          		CODE           	0C55	0000	274
		_main          		CODE           	1D49	0000	341
		_menuCO2       		CODE           	0AC6	0000	213
		_resetValues   		CODE           	07DE	0000	20
		_displayAirTemp		CODE           	08BF	0000	53
		_manage_buttons		CODE           	0A68	0000	95
		_isr           		CODE           	085E	0000	46
		_initTimer0    		CODE           	083C	0000	11
		_initTimer1    		CODE           	07F1	0000	16
		_IOPinsConfig  		CODE           	0846	0000	13
		_IOPinsInit    		CODE           	0826	0000	8
		_displaySoilTemp		CODE           	088B	0000	53
		_displayAirMoist		CODE           	08F3	0000	53
		_menuHumi      		CODE           	095A	0000	271

main.c estimated size: 1757

C:\Program Files\Microchip\xc8\v1.35\sources\common\lbdiv.c
		___lbdiv       		CODE           	1F98	0000	28

C:\Program Files\Microchip\xc8\v1.35\sources\common\lbdiv.c estimated size: 28

